border_size=1
usage=map

Wo          , Wo          , Wo          , Wo          , Wo          , Wo          , Wo          , Wo          , Wo          , Wo          , Wo          , Wo          , Wo          , Wo          , Wo          , Wo          , Wo          , Wo          , Wo          , Wo          , Ha          , Ha          , Ha          , Ha          , Ha          , Aa          , Aa          , Ha          , Ha          , Ha          , Ha          , Ha          , Ha          , Ha          , Ha          , Ha          , Ha          , Ha          , Ha          , Ha          , Ha          , Ha          
Wo          , Wo          , Wo          , Wo          , Ch          , Wo          , Ch          , Wo          , Ch          , Wo          , Wo          , Wo          , Ai          , Wo          , Ai          , Wo          , Wo          , Wo          , Wo          , Wo          , Wo          , Aa          , Aa          , Aa          , Ai          , Wo          , Ch          , Wo          , Ch          , Aa          , Wo          , Wo          , Wo          , Aa          , Aa          , Aa          , Aa          , Aa          , Aa          , Ha          , Aa          , Aa          
Ai          , Ww          , Aa          , Wo          , Ch          , Ch          , Ch          , Ch          , Ai          , Ch          , Ch          , Ch          , Ch          , Ch          , Ch          , Ch          , Ch          , Ch          , Ch          , Ch          , Ch          , Ch          , Ch          , Ch          , Ch          , Ch          , Ch          , Ch          , Ch          , Ch          , Ch          , Ch          , Ch          , Ch          , Ch          , Wo          , Ch          , Wo          , Wo          , Wo          , Aa          , Aa          
Ai          , Aa          , Aa          , Wo          , Ch          , Rp          , Aa          , Ai          , Ai          , Aa          , Rp          , Rp          , Rp          , Rp          , Rp          , Rp          , Rp          , Ch          , Rp          , Rp          , Rp          , Ch          , Rp          , Ch          , Rp          , Aa          , Aa          , Ai          , Aa          , Aa          , Aa          , Rp          , Aa          , Rp          , Rp          , Ch          , Rp          , Ch          , Ch          , Wo          , Aa          , Aa          
Aa          , Aa          , Aa          , Wo          , Ch          , Rp          , Rp          , Aa          , Aa          , Aa          , Aa          , Rp          , Ch          , Ch          , Ch          , Rp          , Rp          , Rp          , Rp          , Rp          , Rp          , Rp          , Rp          , Rp          , Aa          , Aa          , Rp          , Aa          , Rp          , Aa          , Aa          , Aa          , Aa          , Aa          , Rp          , Rp          , Ch          , Rp          , Ch          , Wo          , Aa          , Aa          
Aa          , Aa          , Aa          , Wo          , Ch          , Rp          , Gg^Vh       , Gg^Vh       , Gg^Vh       , Aa          , Aa          , Rp          , Rp          , Ch          , Ch          , Rp          , Rp          , Rp          , Ch          , Ch          , Ch          , Rp          , Rp          , Aa          , Rp          , Ch          , Rp          , Gg          , Gg          , Gg          , Gg^Ve       , Gg          , Gg          , Rp          , Rp          , Rp          , Rp          , Rp          , Ch          , Wo          , Aa          , Aa          
Aa          , Aa^Fpa      , Wo          , Wo          , Ch          , Rp          , Rp          , Re          , Gg          , Gg          , Aa          , Aa          , Aa          , Rp          , Rp          , Rp          , Ch          , Ch          , Rr          , 2 Kh        , Rr          , Ch          , Ch          , Rp          , Rp          , Rp          , Gg          , Gg          , Gg^Fet      , Gg^Fet      , Gg^Ve       , Rr          , Rr          , Gg          , Gg          , Rp          , Rp          , Rp          , Ch          , Wo          , Aa          , Aa          
Aa          , Aa^Fpa      , Wo          , Wo          , Ch          , Rp          , Aa          , Re          , Rr          , Aa^Vea      , Gg^Ve       , Gg          , Gg          , Rp          , Rp          , Rp          , Rp          , Ch          , Rr          , Rr          , Rr          , Ch          , Rp          , Rp          , Aa          , Aa          , Aa          , Gg          , Gg^Ve       , Gg^Ve       , Rr          , Rr          , Gg          , Gg^Ve       , Rp          , Rp          , Rp          , Rp          , Ch          , Wo          , Aa          , Aa          
Aa          , Aa^Fpa      , Ai          , Ai          , Ch          , Aa          , Aa          , Aa          , Aa          , Rr          , Rr          , Gg^Ve       , Gg^Ve       , Gg          , Rp          , Ai          , Rp          , Ch          , Rr          , Rr          , Rr          , Ch          , Rp          , Rp          , Aa          , Ai          , Rr          , Rr          , Rr          , Rr          , Gg          , Gg^Ve       , Rp          , Rp          , Rp          , Rp          , Rp          , Rp          , Ch          , Wo          , Aa          , Aa          
Aa          , Aa^Fpa      , Aa^Fpa      , Wwf         , Wo          , Ch          , Aa          , Kh          , Ch          , Aa          , Aa          , Rr          , Rr          , Gg^Fet      , Rp          , Rp          , Rp          , Ch          , Rr          , Rr          , Rr          , Ch          , Rp          , Rp          , Rp          , Rr          , Rr          , Rr          , Aa          , Gg          , Gg          , Rp          , Rp          , Ch          , 3 Kh        , Rp          , Rp          , Rp          , Ch          , Wo          , Aa          , Aa          
Aa          , Aa^Fpa      , Aa^Fpa      , Wo          , Wo          , Ch          , Ch          , Rp          , Rp          , Rp          , Rp          , Rp          , Rp          , Rr          , Rr          , Rp          , Rp          , Ch          , Rr          , Rr          , Rr          , Ch          , Rp          , Rp          , Rr          , Rr          , Aa          , Aa          , Ai          , Aa          , Rp          , Rp          , Rp          , Ch          , Rp          , Rp          , Rp          , Rp          , Ch          , Wo          , Aa          , Aa          
Aa          , Aa^Fpa      , Aa^Fpa      , Wo          , Wo          , Wo          , Wo          , Ch          , Ch          , Rp          , Ch          , Rp          , Rp          , Rp          , Rp          , Rr          , Rr          , Ch          , Rr          , Ch          , Rr          , Ch          , Rr          , Rr          , Rp          , Rp          , Aa          , Aa          , Ai          , Aa          , Aa          , Rp          , Rp          , Rp          , Rp          , Rp          , Ch          , Ch          , Wo          , Wo          , Aa          , Aa          
Aa          , Aa^Fpa      , Aa^Fpa      , Ai          , Ai          , Wo          , Wo          , Wo          , Wo          , Ch          , Wo          , Ch          , Ch          , Ch          , Ch          , Rp          , Ch          , Rr          , Rr          , Rr          , Rr          , Rr          , Ch          , Rp          , Ch          , Ch          , Ch          , Ai          , Ch          , Ai          , Ch          , Aa          , Ch          , Rp          , Ch          , Ch          , Ch          , Wo          , Wo          , Wo          , Aa          , Aa          
Aa          , Aa          , Aa          , Ai          , Aa          , Ai          , Aa          , Wo          , Wo          , Wo          , Aa          , Wo          , Ai          , Ch          , Ai          , Ch          , Wo          , Ch          , Wo^Bw|      , Wo^Bw|      , Wo^Bw|      , Ch          , Wo          , Ch          , Wo          , Ch          , Wo          , Ch          , Wo          , Ch          , Ww          , Ch          , Wo          , Ch          , Wo          , Wo          , Wo          , Wo          , Ww          , Ww          , Aa          , Aa          
Aa          , Aa^Fpa      , Aa          , Aa          , Aa          , Aa          , Aa          , Ds          , Ds          , Ds          , Ds          , Aa          , Aa          , Wo          , Aa          , Wo          , Wo          , Wo          , Wo^Bw|      , Wo^Bw|      , Wo^Bw|      , Wo          , Wo          , Wo          , Wo          , Wo          , Ai          , Wo          , Ai          , Wo          , Wwf         , Wo          , Ai          , Wo          , Wo          , Wo          , Aa          , Ai          , Ww          , Ww          , Aa          , Aa          
Ha          , Ha          , Ha          , Aa          , Aa          , Aa          , Aa          , Ds          , Aa          , Ds          , Aa          , Ds          , Aa          , Aa          , Ds          , Ds          , Ds          , Ds          , Wo^Bw|      , Wo^Bw|      , Wo^Bw|      , Ds          , Ds          , Ds          , Ds          , Aa          , Aa          , Aa          , Aa          , Aa          , Wwf         , Wwf         , Ai          , Ai          , Ai          , Aa          , Aa          , Aa          , Ww          , Ww          , Aa          , Aa          
Ha          , Ms          , Ms          , Ha          , Ha          , Aa          , Aa          , Aa          , Aa          , Aa          , Aa          , Aa          , Aa^Fpa      , Aa          , Aa          , Ds          , Aa          , Ds          , Rd          , Rd          , Rd          , Ds          , Aa          , Ds          , Aa          , Aa          , Aa          , Aa          , Aa          , Ai          , Aa          , Aa          , Aa          , Aa          , Aa          , Aa          , Aa^Vha      , Aa^Fpa      , Ww          , Ww          , Aa^Fpa      , Aa          
Ha          , Ms          , Ms          , Ms          , Ms          , Ha          , Aa^Fpa      , Aa^Fpa      , Gg^Vh       , Re^Gvs      , Re^Gvs      , Aa^Fpa      , Aa^Fpa      , Aa^Fpa      , Aa^Fpa      , Aa          , Aa          , Rd          , Rd          , Rd          , Rd          , Rd          , Aa          , Aa          , Aa          , Aa          , Aa          , Aa          , Aa          , Aa          , Aa^Fpa      , Aa          , Aa^Fpa      , Aa          , Aa^Fpa      , Aa^Fpa      , Aa          , Aa^Fpa      , Ww          , Ww          , Aa^Fpa      , Aa          
Ha          , Ms          , Ms          , Ms          , Ms          , Ha          , Aa^Fpa      , Aa^Fpa      , Re^Gvs      , Re^Gvs      , Aa^Fpa      , Aa^Fpa      , Aa^Fpa      , Aa^Fpa      , Aa^Fpa      , Gg^Vh       , Aa^Fpa      , Aa          , Re          , Rd          , Re          , Re          , Aa          , Aa^Fpa      , Aa^Fpa      , Aa^Fpa      , Aa^Fpa      , Aa^Vha      , Aa          , Aa^Fpa      , Aa^Fpa      , Aa^Fpa      , Aa^Fpa      , Aa^Fpa      , Aa^Fpa      , Aa^Fpa      , Aa^Fpa      , Aa^Fpa      , Ai          , Ww          , Ai          , Aa          
Ha          , Ms          , Ms          , Ms          , Ms          , Ha          , Aa^Fpa      , Aa^Fpa      , Re^Gvs      , Re^Gvs      , Aa^Fpa      , Aa^Fpa      , Aa^Fpa      , Aa^Fpa      , Aa^Fpa      , Aa^Fpa      , Aa^Fpa      , Aa          , Aa          , Re          , Re          , Re          , Aa          , Aa          , Aa^Fpa      , Aa^Fpa      , Aa^Fpa      , Aa^Fpa      , Aa^Fpa      , Aa          , Aa          , Aa^Fpa      , Aa^Fpa      , Aa^Fpa      , Aa^Fpa      , Aa^Fpa      , Aa^Fpa      , Aa^Fpa      , Ai          , Ww          , Ai          , Aa          
Ha          , Ha          , Ms          , Ms          , Ha          , Ha          , Re^Gvs      , Re^Gvs      , Re^Gvs      , Aa^Fpa      , Aa^Fpa      , Aa^Fpa      , Aa^Fpa      , Aa^Fpa      , Aa^Fpa      , Aa^Fpa      , Aa^Fpa      , Aa          , Aa          , Re          , Re          , Re          , Aa          , Aa          , Aa^Fpa      , Aa^Fpa      , Aa^Fpa      , Aa^Fpa      , Aa^Fpa      , Aa^Fpa      , Aa^Fpa      , Aa          , Aa^Vha      , Aa^Fpa      , Aa^Fpa      , Aa^Fpa      , Aa^Fpa      , Aa^Fpa      , Ai          , Ai          , Ai          , Aa          
Ha          , Ms          , Ms          , Ms          , Ha          , Ha          , Re^Gvs      , Re^Gvs      , Re^Gvs      , Aa^Fpa      , Aa^Fpa      , Aa^Fpa      , Aa^Fpa      , Aa^Fpa      , Aa^Fpa      , Aa^Fpa      , Aa^Fpa      , Aa^Fpa      , Aa          , Re          , Re          , Re          , Aa          , Aa          , Aa^Fpa      , Aa^Fpa      , Aa^Fpa      , Aa^Fpa      , Aa^Fpa      , Aa^Fpa      , Aa^Fpa      , Aa^Fpa      , Aa^Fpa      , Aa^Fpa      , Aa^Fpa      , Aa^Fpa      , Aa^Fpa      , Aa^Fpa      , Ai          , Ai          , Ai          , Aa          
Ha          , Ha          , Ms          , Ms          , Ha          , Ha          , Ha          , Re^Gvs      , Re^Gvs      , Aa^Fpa      , Aa^Fpa      , Aa^Fpa      , Aa^Fpa      , Aa^Fpa      , Aa^Fpa      , Aa^Fpa      , Aa^Fpa      , Aa^Fpa      , Aa          , Ce          , Re          , Re          , Aa          , Aa          , Aa^Fpa      , Aa^Fpa      , Aa^Fpa      , Aa^Fpa      , Aa^Fpa      , Aa^Fpa      , Aa^Fpa      , Aa^Fpa      , Aa^Fpa      , Aa^Fpa      , Ss          , Ss          , Ai          , Ai          , Ww          , Ai          , Ai          , Aa          
Ha          , Ms          , Ms          , Ms          , Ha          , Ha          , Ha^Vhha     , Ha          , Aa^Fpa      , Aa^Fpa      , Aa^Fpa      , Aa^Fpa      , Aa^Fpa      , Aa^Fpa      , Aa^Fpa      , Aa^Fpa      , Aa^Fpa      , Aa^Fpa      , Aa          , Ke          , Re          , Re          , Aa          , Aa          , Aa^Fpa      , Aa^Fpa      , Aa^Fpa      , Aa^Fpa      , Aa^Fpa      , Aa^Fpa      , Aa^Fpa      , Aa^Fpa      , Ai          , Ai          , Ss          , Ai          , Ww          , Ww          , Ai          , Ai          , Aa^Fpa      , Aa          
Ha          , Ms          , Ms          , Ha          , Ha          , Ha          , Aa^Fpa      , Ha          , Ha          , Aa^Fpa      , Aa^Fpa      , Aa^Fpa      , Aa^Fpa      , Aa^Fpa      , Re^Gvs      , Aa^Vha      , Re^Gvs      , Aa^Fpa      , Aa          , Aa          , Re          , Re          , Aa          , Aa          , Aa^Fpa      , Aa^Fpa      , Aa^Fpa      , Aa^Fpa      , Aa^Fpa      , Aa          , Ai          , Ss          , Ss          , Ss          , Ss          , Ww          , Ww          , Ww          , Aa^Fpa      , Aa^Fpa      , Aa^Fpa      , Aa          
Ha          , Ha          , Ha          , Ha          , Ha          , Ha          , Aa          , Aa^Fpa      , Aa^Fpa      , Aa^Fpa      , Aa^Fpa      , Aa^Fpa      , Aa^Fpa      , Aa^Fpa      , Re^Gvs      , Re^Gvs      , Re^Gvs      , Re^Gvs      , Aa          , Re          , Re          , Re          , Aa          , Aa          , Aa^Fpa      , Aa^Fpa      , Aa^Fpa      , Aa^Fpa      , Aa^Fpa      , Ai          , Aa          , Ai          , Ss          , Ss^Vhs      , Ss          , Ww          , Aa^Fpa      , Aa^Fpa      , Aa^Fpa      , Aa^Fpa      , Aa^Fpa      , Aa          
Ha          , Ha          , Aa^Fpa      , Ha          , Aa^Fpa      , Aa^Fpa      , Aa          , Aa          , Aa^Fpa      , Aa^Fpa      , Aa^Fpa      , Aa^Fpa      , Aa^Fpa      , Aa^Fpa      , Aa^Fpa      , Re^Gvs      , Aa^Fpa      , Aa          , Aa          , Re          , Re          , Re          , Aa          , Aa^Fpa      , Aa^Fpa      , Aa^Fpa      , Aa^Fpa      , Aa^Fpa      , Aa^Fpa      , Aa          , Aa^Fpa      , Aa^Fpa      , Aa^Fpa      , Ss          , Aa^Fpa      , Ai          , Aa^Fpa      , Aa^Fpa      , Aa^Fpa      , Aa^Fpa      , Aa^Fpa      , Aa          
Ha          , Ha          , Aa^Fpa      , Aa^Fpa      , Aa^Fpa      , Aa^Fpa      , Aa^Fpa      , Aa^Fpa      , Aa^Fpa      , Aa^Fpa      , Aa^Fpa      , Aa^Fpa      , Aa^Fpa      , Aa^Fpa      , Aa^Fpa      , Aa^Fpa      , Aa^Fpa      , Aa          , Aa          , Re          , Re          , Re          , Aa          , Aa          , Aa^Fpa      , Aa^Fpa      , Aa^Fpa      , Aa^Fpa      , Aa^Fpa      , Aa^Fpa      , Aa^Fpa      , Aa^Fpa      , Aa          , Aa          , Aa^Fpa      , Aa^Fpa      , Aa^Fpa      , Aa^Fpa      , Aa^Fpa      , Aa^Fpa      , Aa^Fpa      , Aa          
Ha          , Aa^Fpa      , Aa^Fpa      , Aa^Vha      , Re^Gvs      , Re^Gvs      , Aa^Fpa      , Aa^Fpa      , Aa^Fpa      , Aa^Fpa      , Aa^Fpa      , Aa^Fpa      , Aa^Fpa      , Aa^Fpa      , Aa^Fpa      , Aa^Fpa      , Aa^Fpa      , Aa          , Aa          , Re          , Re          , Aa          , Aa          , Aa          , Aa^Fpa      , Aa^Fpa      , Aa^Fpa      , Aa^Fpa      , Aa^Fpa      , Aa^Fpa      , Aa^Fpa      , Aa          , Aa          , Aa          , Aa^Fpa      , Aa^Fpa      , Aa^Fpa      , Aa^Fpa      , Aa^Fpa      , Aa^Fpa      , Aa^Fpa      , Aa          
Ha          , Aa^Fpa      , Aa^Fpa      , Re^Gvs      , Re^Gvs      , Re^Gvs      , Aa^Fpa      , Aa^Fpa      , Aa^Fpa      , Aa^Fpa      , Aa^Fpa      , Aa^Fpa      , Aa^Fpa      , Aa^Fpa      , Aa^Fpa      , Aa^Fpa      , Aa          , Aa          , Aa          , Re          , Re          , Aa          , Aa          , Aa          , Aa^Fpa      , Aa^Fpa      , Aa^Fpa      , Aa^Fpa      , Aa^Fpa      , Aa^Fpa      , Aa^Fpa      , Aa          , Aa^Fpa      , Aa^Fpa      , Aa          , Aa^Fpa      , Aa^Fpa      , Aa^Fpa      , Aa          , Aa^Vha      , Aa^Fpa      , Aa          
Aa          , Aa^Fpa      , Aa^Fpa      , Re^Gvs      , Re^Gvs      , Re^Gvs      , Aa^Fpa      , Aa^Fpa      , Aa^Fpa      , Aa^Fpa      , Aa^Fpa      , Aa^Fpa      , Aa^Fpa      , Aa^Fpa      , Aa^Fpa      , Aa^Fpa      , Aa          , Aa          , Aa          , Re          , Re          , Aa          , Aa          , Aa^Fpa      , Aa^Fpa      , Aa^Fpa      , Aa^Fpa      , Aa^Fpa      , Aa^Fpa      , Aa^Fpa      , Aa^Fpa      , Aa          , Aa^Vha      , Aa^Fpa      , Aa^Fpa      , Aa^Fpa      , Aa          , Aa          , Aa^Fpa      , Aa^Fpa      , Aa^Fpa      , Aa          
Aa          , Aa^Fpa      , Aa^Fpa      , Re^Gvs      , Re^Gvs      , Re^Gvs      , Aa^Fpa      , Aa^Fpa      , Aa^Fpa      , Aa^Fpa      , Aa^Fpa      , Aa^Fpa      , Aa^Fpa      , Aa^Fpa      , Aa^Fpa      , Aa          , Aa          , Aa          , Aa          , Re          , Re          , Aa          , Aa          , Aa^Fpa      , Aa^Fpa      , Aa^Fpa      , Aa^Fpa      , Aa^Fpa      , Aa^Fpa      , Aa^Fpa      , Aa^Fpa      , Re^Gvs      , Re^Gvs      , Re^Gvs      , Aa^Fpa      , Aa^Fpa      , Aa^Fpa      , Aa^Fpa      , Aa^Fpa      , Aa^Fpa      , Aa^Fpa      , Aa          
Aa          , Aa^Fpa      , Aa^Fpa      , Re^Gvs      , Re^Gvs      , Aa^Fpa      , Aa^Fpa      , Aa          , Aa          , Aa^Fpa      , Aa^Fpa      , Aa^Fpa      , Aa^Fpa      , Aa^Fpa      , Aa^Fpa      , Aa          , Aa          , Aa          , Gg          , Re          , Re          , Aa          , Aa          , Aa^Fpa      , Aa^Fpa      , Aa^Fpa      , Aa^Fpa      , Aa^Fpa      , Aa^Fpa      , Aa^Fpa      , Aa^Fpa      , Re^Gvs      , Re^Gvs      , Re^Gvs      , Aa^Fpa      , Aa^Fpa      , Aa^Fpa      , Aa^Fpa      , Aa^Fpa      , Aa^Fpa      , Aa^Fpa      , Aa          
Aa          , Aa^Fpa      , Aa^Fpa      , Aa^Fpa      , Aa^Fpa      , Aa^Fpa      , Aa^Fpa      , Aa^Fpa      , Aa^Fpa      , Aa^Fpa      , Aa^Fpa      , Aa^Vha      , Aa^Fpa      , Aa^Fpa      , Aa^Fpa      , Aa^Fpa      , Aa          , Gg          , Gg^Ve       , Re          , Re          , Gg          , Aa          , Aa          , Aa^Fpa      , Aa^Fpa      , Aa^Fpa      , Aa^Fpa      , Aa^Fpa      , Aa^Fpa      , Aa^Fpa      , Aa^Fpa      , Aa          , Aa^Fpa      , Aa^Fpa      , Aa^Fpa      , Aa^Fpa      , Aa^Fpa      , Aa^Fpa      , Aa^Fpa      , Aa^Fpa      , Aa          
Aa          , Aa^Fpa      , Aa^Fpa      , Aa^Fpa      , Aa^Fpa      , Aa^Fpa      , Aa^Fpa      , Aa^Fpa      , Re^Gvs      , Re^Gvs      , Re^Gvs      , Re^Gvs      , Re^Gvs      , Aa^Fpa      , Aa^Fpa      , Aa^Fpa      , Aa          , Gg          , Gg          , Re          , Re          , Gg          , Aa          , Aa          , Aa^Fpa      , Aa^Fpa      , Aa^Fpa      , Aa^Fpa      , Aa^Fpa      , Aa^Fpa      , Aa^Fpa      , Aa^Fpa      , Aa          , Aa          , Aa^Fpa      , Aa^Fpa      , Aa^Fpa      , Aa^Fpa      , Aa^Fpa      , Aa^Fpa      , Aa^Fpa      , Aa          
Aa          , Aa^Fpa      , Aa^Fpa      , Aa^Fpa      , Aa^Fpa      , Aa^Fpa      , Re^Gvs      , Re^Gvs      , Re^Gvs      , Re^Gvs      , Re^Gvs      , Re^Gvs      , Re^Gvs      , Aa^Fpa      , Aa^Fpa      , Aa^Fpa      , Aa          , Aa          , Aa          , Re          , Re          , Aa          , Aa          , Aa          , Aa^Fpa      , Aa^Fpa      , Aa^Fpa      , Aa^Fpa      , Aa^Fpa      , Aa^Fpa      , Aa^Fpa      , Aa^Fpa      , Aa^Fpa      , Aa^Fpa      , Aa^Fpa      , Aa^Fpa      , Re^Gvs      , Aa^Fpa      , Re^Gvs      , Aa^Fpa      , Aa^Fpa      , Aa          
Aa          , Aa^Fpa      , Aa^Fpa      , Aa^Fpa      , Aa^Fpa      , Aa^Vha      , Re^Gvs      , Re^Gvs      , Re^Gvs      , Re^Gvs      , Re^Gvs      , Re^Gvs      , Aa          , Aa^Fpa      , Aa^Fpa      , Aa^Fpa      , Ce          , Ce          , Aa          , Re          , Re          , Re          , Aa          , Aa          , Aa^Fpa      , Aa^Fpa      , Aa^Fpa      , Aa          , Aa          , Aa^Fpa      , Aa^Fpa      , Aa^Fpa      , Re^Gvs      , Re^Gvs      , Re^Gvs      , Re^Gvs      , Re^Gvs      , Re^Gvs      , Aa^Vha      , Aa^Fpa      , Aa^Fpa      , Aa          
Aa          , Aa^Fpa      , Aa^Fpa      , Aa^Fpa      , Aa^Fpa      , Re^Gvs      , Re^Gvs      , Re^Gvs      , Re^Gvs      , Re^Gvs      , Re^Gvs      , Re^Gvs      , Aa^Fpa      , Aa          , Ce          , Ce          , Ce          , Ce          , Aa          , Re          , Re          , Re          , Aa          , Aa          , Aa^Fpa      , Aa          , Aa^Fpa      , Aa^Fpa      , Aa^Fpa      , Aa^Fpa      , Aa^Vha      , Re^Gvs      , Re^Gvs      , Re^Gvs      , Re^Gvs      , Re^Gvs      , Re^Gvs      , Re^Gvs      , Re^Gvs      , Re^Gvs      , Aa^Fpa      , Aa          
Aa          , Aa^Fpa      , Aa^Fpa      , Aa^Fpa      , Aa^Fpa      , Aa^Fpa      , Aa^Fpa      , Re^Gvs      , Re^Gvs      , Re^Gvs      , Aa^Fpa      , Aa^Fpa      , Aa^Fpa      , Aa^Fpa      , Aa^Fpa      , 1 Ke        , Aa          , Aa          , Aa          , Re          , Re          , Re          , Aa          , Aa          , Aa^Fpa      , Aa^Fpa      , Aa^Fpa      , Aa^Fpa      , Aa^Fpa      , Aa^Fpa      , Aa^Fpa      , Re^Gvs      , Re^Gvs      , Re^Gvs      , Re^Gvs      , Re^Gvs      , Re^Gvs      , Re^Gvs      , Re^Gvs      , Re^Gvs      , Aa^Fpa      , Aa          
Aa          , Aa^Fpa      , Aa^Fpa      , Aa^Fpa      , Aa^Fpa      , Aa^Fpa      , Aa^Fpa      , Aa^Fpa      , Aa^Fpa      , Aa^Fpa      , Aa^Fpa      , Aa^Fpa      , Aa^Fpa      , Aa^Fpa      , Aa^Fpa      , Aa^Fpa      , Aa          , Aa          , Aa          , Re          , Re          , Aa          , Aa          , Aa          , Aa^Fpa      , Aa^Fpa      , Aa^Fpa      , Aa^Fpa      , Aa^Fpa      , Aa^Fpa      , Aa^Fpa      , Re^Gvs      , Re^Gvs      , Re^Gvs      , Re^Gvs      , Re^Gvs      , Re^Gvs      , Re^Gvs      , Re^Gvs      , Re^Gvs      , Aa^Fpa      , Aa          
Aa          , Aa^Fpa      , Aa^Fpa      , Aa^Fpa      , Aa^Fpa      , Aa^Fpa      , Aa^Fpa      , Aa^Fpa      , Aa^Fpa      , Aa^Fpa      , Aa^Fpa      , Aa^Fpa      , Aa^Fpa      , Aa^Fpa      , Aa^Fpa      , Aa^Fpa      , Aa          , Aa          , Aa          , Re          , Re          , Aa          , Aa          , Aa          , Aa          , Aa^Fpa      , Aa^Fpa      , Aa^Fpa      , Aa^Fpa      , Aa^Fpa      , Aa^Fpa      , Re^Gvs      , Re^Gvs      , Re^Gvs      , Re^Gvs      , Re^Gvs      , Aa^Fpa      , Re^Gvs      , Aa^Fpa      , Aa^Fpa      , Aa^Fpa      , Aa          
Aa          , Aa          , Aa          , Aa          , Aa          , Aa          , Aa          , Aa          , Aa          , Aa          , Aa          , Aa          , Aa          , Aa          , Aa          , Aa          , Aa          , Aa          , Aa          , Re          , Re          , Re          , Aa          , Aa          , Aa          , Aa          , Aa          , Aa          , Aa          , Aa          , Aa          , Aa          , Aa          , Aa          , Aa          , Aa          , Aa          , Aa          , Aa          , Aa          , Aa          , Aa          
