border_size=1
usage=map

Ai          , Ai          , Ai          , Ai          , Ai          , Ai          , Ai          , Ai          , Ai          , Ai          , Aa          , Aa          , Aa          , Aa          , Aa          , Ha          , Ha          , Ha          , Ha          , Ha          , Ha          , Ha          , Ha          , Ha          , Ha          , Ha          , Ha          , Ha          , Ha          , Ha          , Ha          , Ha          , Ha          , Ha          , Ha          , Ha          , Ha          , Ha          , Ha          , Ha          , Ha          , Ha          
Ai          , Ai          , Ai          , Ai          , Ch          , Ai          , Ch          , Ai          , Ch          , Ai          , Ai          , Ai          , Ai          , Ai          , Ai          , Ai          , Ai          , Ai          , Ai          , Ai          , Ai          , Aa          , Ai          , Ai          , Ai          , Ai          , Ch          , Wo          , Ch          , Ai          , Ai          , Ai          , Ai          , Aa          , Aa          , Aa          , Aa          , Aa          , Aa          , Ha          , Aa          , Ha          
Ai          , Ai          , Aa          , Ai          , Ch          , Ch          , Ch          , Ch          , Ai          , Ch          , Ch          , Ch          , Ch          , Ch          , Ch          , Ch          , Ch          , Ch          , Ch          , Ch          , Ch          , Ch          , Ch          , Ch          , Ch          , Ch          , Ch          , Ch          , Ch          , Ch          , Ch          , Ch          , Ch          , Ch          , Ch          , Wo          , Ch          , Ai          , Ai          , Ai          , Aa          , Aa          
Aa          , Aa          , Aa          , Ai          , Ch          , Aa          , Aa          , Ai          , Ai          , Aa          , Rp          , Rp          , Rp          , Rp          , Rp          , Aa          , Rp          , Ch          , Aa          , Rp          , Aa          , Ch          , Rp          , Ch          , Aa          , Aa          , Aa          , Ai          , Aa          , Aa          , Aa          , Aa          , Aa          , Aa          , Aa          , Ch          , Rp          , Ch          , Ch          , Ai          , Aa          , Aa          
Aa          , Aa          , Aa          , Ai          , Ch          , Aa          , Aa          , Aa          , Aa          , Aa          , Aa          , Rp          , Ch          , Ch          , Ch          , Aa          , Aa          , Aa          , Rp          , Aa          , Rp          , Aa          , Rp          , Aa          , Aa          , Aa          , Rp          , Aa          , Aa          , Aa          , Aa          , Aa          , Aa          , Aa          , Aa          , Aa          , Ch          , Rp          , Ch          , Ai          , Aa          , Aa          
Aa          , Aa          , Aa          , Ai          , Ch          , Aa          , Aa^Vha      , Aa^Vha      , Aa^Vha      , Aa          , Aa          , Rp          , Rp          , Ch          , Ch          , Aa          , Rp          , Rp          , Ch          , Ch          , Ch          , Rp          , Rp          , Aa          , Rp          , Ch          , Rp          , Aa          , Aa          , Aa          , Aa^Vea      , Aa          , Aa          , Aa          , Aa          , Aa          , Aa          , Aa          , Ch          , Ai          , Aa          , Aa          
Aa          , Aa^Fpa      , Ai          , Ai          , Ch          , Aa          , Aa          , Aa          , Aa          , Aa          , Aa          , Aa          , Aa          , Rp          , Aa          , Aa          , Ch          , Ch          , Rr          , 1 Kh        , Rr          , Ch          , Ch          , Rp          , Rp          , Rp          , Aa          , Aa          , Gg^Fet      , Gg^Fet      , Aa^Vea      , Rr          , Rr          , Aa          , Aa          , Aa          , Aa          , Aa          , Ch          , Ai          , Aa          , Aa          
Aa          , Aa^Fpa      , Ai          , Ai          , Ch          , Aa          , Aa          , Aa          , Rr          , Aa^Vea      , Aa^Vea      , Ai          , Ai          , Aa          , Aa          , Rp          , Rp          , Ch          , Aa          , Rr          , Rr          , Ch          , Rp          , Rp          , Aa          , Aa          , Aa          , Aa          , Aa^Vea      , Aa^Vea      , Rr          , Rr          , Aa          , Aa^Vea      , Aa          , Aa          , Aa          , Aa          , Ch          , Ai          , Aa          , Aa          
Aa          , Aa^Fpa      , Ai          , Ai          , Ch          , Aa          , Aa          , Aa          , Aa          , Rr          , Rr          , Aa^Vea      , Aa^Vea      , Ai          , Aa          , Ai          , Rp          , Ch          , Ai          , Aa          , Aa          , Ch          , Rp          , Rp          , Aa          , Ai          , Rr          , Rr          , Rr          , Rr          , Gg          , Aa^Vea      , Aa          , Aa          , Aa          , Aa          , Aa          , Aa          , Ch          , Ai          , Aa          , Aa          
Aa          , Aa^Fpa      , Aa^Fpa      , Wwf         , Ai          , Ch          , Aa          , Kh          , Ch          , Aa          , Aa          , Rr          , Rr          , Gg^Fet      , Aa          , Aa          , Rp          , Ch          , Ai          , Ai          , Ai          , Ch          , Aa          , Aa          , Aa          , Rr          , Rr          , Rr          , Aa          , Gg          , Gg          , Rp          , Aa          , Ch          , Kh          , Aa          , Aa          , Aa          , Ch          , Ai          , Aa          , Aa          
Aa          , Aa^Fpa      , Aa^Fpa      , Ai          , Ai          , Ch          , Ch          , Aa          , Aa          , Aa          , Rp          , Rp          , Rp          , Rr          , Aa          , Aa          , Aa          , Ch          , Aa          , Ai          , Aa          , Ch          , Aa          , Aa          , Rr          , Rr          , Aa          , Aa          , Ai          , Aa          , Aa          , Aa          , Aa          , Ch          , Aa          , Aa          , Aa          , Aa          , Ch          , Ai          , Aa          , Aa          
Aa          , Aa^Fpa      , Aa^Fpa      , Ai          , Ai          , Ai          , Ai          , Ch          , Ch          , Aa          , Ch          , Rp          , Aa          , Aa          , Aa          , Aa          , Aa          , Ch          , Rr          , Ch          , Rr          , Ch          , Rr          , Rr          , Rp          , Rp          , Aa          , Aa          , Ai          , Aa          , Aa          , Aa          , Aa          , Aa          , Aa          , Aa          , Ch          , Ch          , Ai          , Ai          , Aa          , Aa          
Aa          , Aa^Fpa      , Aa^Fpa      , Ai          , Ai          , Ai          , Ai          , Ai          , Ai          , Ch          , Ai          , Ch          , Ch          , Aa          , Ch          , Ch          , Ch          , Rr          , Rr          , Rr          , Rr          , Rr          , Ch          , Ch          , Ch          , Rp          , Ch          , Ai          , Ch          , Ai          , Ch          , Aa          , Ch          , Aa          , Ch          , Ch          , Ch          , Ai          , Ai          , Ai          , Aa          , Aa          
Aa          , Aa          , Aa          , Ai          , Aa          , Ai          , Aa          , Ai          , Ai          , Ai          , Aa          , Ai          , Ai          , Ch          , Ai          , Ch          , Ai          , Ch          , Wo^Bw|      , Wo^Bw|      , Wo^Bw|      , Ch          , Ai          , Ch          , Ai          , Ch          , Ai          , Ch          , Ai          , Ch          , Ww          , Ch          , Ai          , Ch          , Ai          , Ai          , Ai          , Ai          , Ai          , Ai          , Aa          , Aa          
Aa          , Aa^Fpa      , Aa          , Aa          , Aa          , Aa          , Aa          , Ai          , Aa          , Ai          , Aa          , Aa          , Aa          , Ai          , Aa          , Ai          , Ai          , Ai          , Wo^Bw|      , Wo^Bw|      , Wo^Bw|      , Ai          , Ai          , Ai          , Ai          , Ai          , Ai          , Ai          , Ai          , Wo          , Ds          , Wo          , Ai          , Ai          , Ai          , Ai          , Aa          , Ai          , Ai          , Ww          , Aa          , Aa          
Ha          , Ha          , Ha          , Aa          , Aa          , Aa          , Aa          , Aa          , Aa          , Aa          , Aa          , Aa          , Aa          , Aa          , Aa          , Aa          , Re          , Rd          , Wo^Bw|      , Wo^Bw|      , Wo^Bw|      , Rd          , Re          , Aa          , Aa          , Aa          , Aa          , Aa          , Aa          , Aa          , Ds          , Ai          , Ai          , Ai          , Ai          , Aa          , Aa          , Aa          , Ai          , Ai          , Aa          , Aa          
Ha          , Mm          , Mm          , Ha          , Ha          , Aa          , Aa          , Aa          , Aa          , Aa          , Aa          , Aa          , Aa^Fpa      , Aa          , Aa          , Aa          , Re          , Rd          , Rd          , Rd          , Rd          , Rd          , Re          , Aa          , Aa          , Aa          , Aa          , Aa          , Aa          , Ds          , Aa          , Aa          , Aa          , Aa          , Aa          , Aa          , Aa^Vha      , Aa^Fpa      , Ai          , Ai          , Aa^Fpa      , Aa          
Ha          , Mm          , Mm          , Mm          , Mm          , Ha          , Aa^Fpa      , Aa^Fpa      , Aa^Vha      , Aa          , Aa          , Aa^Fpa      , Aa^Fpa      , Aa^Fpa      , Aa^Fpa      , Aa          , Aa          , Re          , Re          , Rd          , Rd          , Rd          , Re          , Aa          , Aa          , Aa          , Aa          , Aa          , Aa          , Aa          , Aa^Fpa      , Aa          , Aa^Fpa      , Aa          , Aa^Fpa      , Aa^Fpa      , Aa          , Aa^Fpa      , Ww          , Ai          , Aa^Fpa      , Aa          
Ha          , Mm          , Mm          , Mm          , Mm          , Ha          , Aa^Fpa      , Aa^Fpa      , Aa          , Aa          , Aa^Fpa      , Aa^Fpa      , Aa^Fpa      , Aa^Fpa      , Aa^Fpa      , Aa^Vha      , Aa^Fpa      , Re          , Re          , Rd          , Re          , Re          , Aa          , Aa^Fpa      , Aa^Fpa      , Aa^Fpa      , Aa^Fpa      , Aa^Vha      , Aa          , Aa^Fpa      , Aa^Fpa      , Aa^Fpa      , Aa^Fpa      , Aa^Fpa      , Aa^Fpa      , Aa^Fpa      , Aa^Fpa      , Aa^Fpa      , Ai          , Ai          , Ai          , Aa          
Ha          , Mm^Xm       , Mm^Xm       , Mm          , Mm          , Ha          , Aa^Fpa      , Aa^Fpa      , Aa          , Aa          , Aa^Fpa      , Aa^Fpa      , Aa^Fpa      , Aa^Fpa      , Aa^Fpa      , Aa^Fpa      , Aa^Fpa      , Aa          , Re          , Re          , Re          , Re          , Aa          , Aa          , Aa^Fpa      , Aa^Fpa      , Aa^Fpa      , Aa^Fpa      , Aa^Fpa      , Aa          , Aa          , Aa^Fpa      , Aa^Fpa      , Aa^Fpa      , Aa^Fpa      , Aa^Fpa      , Aa^Fpa      , Aa^Fpa      , Ai          , Ww          , Ai          , Ai          
Ha          , Mm^Xm       , Mm^Xm       , Mm          , Ha          , Ha          , Aa          , Aa          , Aa          , Aa^Fpa      , Aa^Fpa      , Aa^Fpa      , Aa^Fpa      , Aa^Fpa      , Aa^Fpa      , Aa^Fpa      , Aa^Fpa      , Aa          , Aa          , Re          , Re          , Re          , Aa          , Aa          , Aa^Fpa      , Aa^Fpa      , Aa^Fpa      , Aa^Fpa      , Aa^Fpa      , Aa^Fpa      , Aa^Fpa      , Aa          , Aa^Vha      , Aa^Fpa      , Aa^Fpa      , Aa^Fpa      , Aa^Fpa      , Aa^Fpa      , Ai          , Ai          , Ai          , Ai          
Ha          , Mm^Xm       , Mm^Xm       , Mm          , Ha          , Ha          , Aa          , Aa          , Aa          , Aa^Fpa      , Aa^Fpa      , Aa^Fpa      , Aa^Fpa      , Aa^Fpa      , Aa^Fpa      , Aa^Fpa      , Aa^Fpa      , Aa^Fpa      , Aa          , Re          , Ce          , Re          , Aa          , Aa          , Aa^Fpa      , Aa^Fpa      , Aa^Fpa      , Aa^Fpa      , Aa^Fpa      , Aa^Fpa      , Aa^Fpa      , Aa^Fpa      , Aa^Fpa      , Aa^Fpa      , Aa^Fpa      , Aa^Fpa      , Aa^Fpa      , Aa^Fpa      , Ai          , Ai          , Ai          , Ai          
Ha          , Mm^Xm       , Mm^Xm       , Mm          , Ha          , Ha          , Ha          , Aa          , Aa          , Aa^Fpa      , Aa^Fpa      , Aa^Fpa      , Aa^Fpa      , Aa^Fpa      , Aa^Fpa      , Aa^Fpa      , Aa^Fpa      , Aa^Fpa      , Aa          , Ce          , Ce          , Ce          , Aa          , Aa          , Aa^Fpa      , Aa^Fpa      , Aa^Fpa      , Aa^Fpa      , Aa^Fpa      , Aa^Fpa      , Aa^Fpa      , Aa^Fpa      , Aa^Fpa      , Aa^Fpa      , Ai          , Ai          , Ai          , Ai          , Ai          , Ai          , Ai          , Ai          
Ha          , Mm^Xm       , Mm^Xm       , Mm          , Ha          , Ha          , Ha^Vhha     , Ha          , Aa^Fpa      , Aa^Fpa      , Aa^Fpa      , Aa^Fpa      , Aa^Fpa      , Aa^Fpa      , Aa^Fpa      , Aa^Fpa      , Aa^Fpa      , Aa^Fpa      , Aa          , 2 Ke        , Ce          , Ce          , Aa          , Aa          , Aa^Fpa      , Aa^Fpa      , Aa^Fpa      , Aa^Fpa      , Aa^Fpa      , Aa^Fpa      , Aa^Fpa      , Aa^Fpa      , Ai          , Ai          , Ai          , Ai          , Ai          , Ai          , Ai          , Ai          , Aa^Fpa      , Ai          
Ha          , Mm^Xm       , Mm^Xm       , Ha          , Ha          , Ha          , Aa^Fpa      , Ha          , Ha          , Aa^Fpa      , Aa^Fpa      , Aa^Fpa      , Aa^Fpa      , Aa^Fpa      , Aa          , Aa^Vha      , Aa          , Aa^Fpa      , Aa          , Aa          , Re          , Re          , Aa          , Aa          , Aa^Fpa      , Aa^Fpa      , Aa^Fpa      , Aa^Fpa      , Aa^Fpa      , Aa          , Ai          , Ai          , Ai          , Ai          , Ai          , Ai          , Ai          , Ai          , Aa^Fpa      , Aa^Fpa      , Aa^Fpa      , Aa          
Ha          , Ha          , Ha          , Ha          , Ha          , Ha          , Aa          , Aa^Fpa      , Aa^Fpa      , Aa^Fpa      , Aa^Fpa      , Aa^Fpa      , Aa^Fpa      , Aa^Fpa      , Aa          , Aa          , Aa          , Aa          , Aa          , Re          , Re          , Re          , Aa          , Aa          , Aa^Fpa      , Aa^Fpa      , Aa^Fpa      , Aa^Fpa      , Aa^Fpa      , Ai          , Aa          , Ai          , Ai          , Ss^Vhs      , Ai          , Ai          , Aa^Fpa      , Aa^Fpa      , Aa^Fpa      , Aa^Fpa      , Aa^Fpa      , Aa          
Ha          , Ha          , Aa^Fpa      , Ha          , Aa^Fpa      , Aa^Fpa      , Aa          , Aa          , Aa^Fpa      , Aa^Fpa      , Aa^Fpa      , Aa^Fpa      , Aa^Fpa      , Aa^Fpa      , Aa^Fpa      , Aa          , Aa^Fpa      , Aa          , Aa          , Re          , Re          , Re          , Aa          , Aa^Fpa      , Aa^Fpa      , Aa^Fpa      , Aa^Fpa      , Aa^Fpa      , Aa^Fpa      , Aa          , Aa^Fpa      , Aa^Fpa      , Aa^Fpa      , Ai          , Aa^Fpa      , Ai          , Aa^Fpa      , Aa^Fpa      , Aa^Fpa      , Aa^Fpa      , Aa^Fpa      , Aa          
Aa          , Ha          , Aa^Fpa      , Aa^Fpa      , Aa^Fpa      , Aa^Fpa      , Aa^Fpa      , Aa^Fpa      , Aa^Fpa      , Aa^Fpa      , Aa^Fpa      , Aa^Fpa      , Aa^Fpa      , Aa^Fpa      , Aa^Fpa      , Aa^Fpa      , Aa^Fpa      , Aa          , Aa          , Re          , Re          , Re          , Aa          , Aa          , Aa^Fpa      , Aa^Fpa      , Aa^Fpa      , Aa^Fpa      , Aa^Fpa      , Aa^Fpa      , Aa^Fpa      , Aa^Fpa      , Aa          , Aa          , Aa^Fpa      , Aa^Fpa      , Aa^Fpa      , Aa^Fpa      , Aa^Fpa      , Aa^Fpa      , Aa^Fpa      , Aa          
Aa          , Aa^Fpa      , Aa^Fpa      , Aa^Vha      , Aa          , Aa          , Aa^Fpa      , Aa^Fpa      , Aa^Fpa      , Aa^Fpa      , Aa^Fpa      , Aa^Fpa      , Aa^Fpa      , Aa^Fpa      , Aa^Fpa      , Aa^Fpa      , Aa^Fpa      , Aa          , Aa          , Re          , Re          , Aa          , Aa          , Aa          , Aa^Fpa      , Aa^Fpa      , Aa^Fpa      , Aa^Fpa      , Aa^Fpa      , Aa^Fpa      , Aa^Fpa      , Aa          , Aa          , Aa          , Aa^Fpa      , Aa^Fpa      , Aa^Fpa      , Aa^Fpa      , Aa^Fpa      , Aa^Fpa      , Aa^Fpa      , Aa          
Aa          , Aa^Fpa      , Aa^Fpa      , Aa          , Aa          , Aa          , Aa^Fpa      , Aa^Fpa      , Aa^Fpa      , Aa^Fpa      , Aa^Fpa      , Aa^Fpa      , Aa^Fpa      , Aa^Fpa      , Aa^Fpa      , Aa^Fpa      , Aa          , Aa          , Aa          , Re          , Re          , Aa          , Aa          , Aa          , Aa^Fpa      , Aa^Fpa      , Aa^Fpa      , Aa^Fpa      , Aa^Fpa      , Aa^Fpa      , Aa^Fpa      , Aa          , Aa^Fpa      , Aa^Fpa      , Aa          , Aa^Fpa      , Aa^Fpa      , Aa^Fpa      , Aa          , Aa^Vha      , Aa^Fpa      , Aa          
Aa          , Aa^Fpa      , Aa^Fpa      , Aa          , Aa          , Aa          , Aa^Fpa      , Aa^Fpa      , Aa^Fpa      , Aa^Fpa      , Aa^Fpa      , Aa^Fpa      , Aa^Fpa      , Aa^Fpa      , Aa^Fpa      , Aa^Fpa      , Aa          , Aa          , Aa          , Re          , Re          , Aa          , Aa          , Aa^Fpa      , Aa^Fpa      , Aa^Fpa      , Aa^Fpa      , Aa^Fpa      , Aa^Fpa      , Aa^Fpa      , Aa^Fpa      , Aa          , Aa^Vha      , Aa^Fpa      , Aa^Fpa      , Aa^Fpa      , Aa          , Aa          , Aa^Fpa      , Aa^Fpa      , Aa^Fpa      , Aa          
Aa          , Aa^Fpa      , Aa^Fpa      , Aa          , Aa          , Aa          , Aa^Fpa      , Aa^Fpa      , Aa^Fpa      , Aa^Fpa      , Aa^Fpa      , Aa^Fpa      , Aa^Fpa      , Aa^Fpa      , Aa^Fpa      , Aa^Fpa      , Aa          , Aa          , Aa          , Re          , Re          , Aa          , Aa          , Aa^Fpa      , Aa^Fpa      , Aa^Fpa      , Aa^Fpa      , Aa^Fpa      , Aa^Fpa      , Aa^Fpa      , Aa^Fpa      , Aa          , Aa          , Aa          , Aa^Fpa      , Aa^Fpa      , Aa^Fpa      , Aa^Fpa      , Aa^Fpa      , Aa^Fpa      , Aa^Fpa      , Aa          
Aa          , Aa^Fpa      , Aa^Fpa      , Aa          , Aa          , Aa^Fpa      , Aa^Fpa      , Aa          , Aa          , Aa^Fpa      , Aa^Fpa      , Aa^Fpa      , Aa^Fpa      , Aa^Fpa      , Aa^Fpa      , Aa^Fpa      , Aa          , Aa          , Aa          , Re          , Re          , Aa          , Aa          , Aa^Fpa      , Aa^Fpa      , Aa^Fpa      , Aa^Fpa      , Aa^Fpa      , Aa^Fpa      , Aa^Fpa      , Aa^Fpa      , Aa          , Aa          , Aa          , Aa^Fpa      , Aa^Fpa      , Aa^Fpa      , Aa^Fpa      , Aa^Fpa      , Aa^Fpa      , Aa^Fpa      , Aa          
Aa          , Aa^Fpa      , Aa^Fpa      , Aa^Fpa      , Aa^Fpa      , Aa^Fpa      , Aa^Fpa      , Aa^Fpa      , Aa^Fpa      , Aa^Fpa      , Aa^Fpa      , Aa^Vha      , Aa^Fpa      , Aa^Fpa      , Aa^Fpa      , Aa^Fpa      , Aa          , Aa          , Aa^Vea      , Re          , Re          , Aa          , Aa          , Aa          , Aa^Fpa      , Aa^Fpa      , Aa^Fpa      , Aa^Fpa      , Aa^Fpa      , Aa^Fpa      , Aa^Fpa      , Aa^Fpa      , Aa          , Aa^Fpa      , Aa^Fpa      , Aa^Fpa      , Aa^Fpa      , Aa^Fpa      , Aa^Fpa      , Aa^Fpa      , Aa^Fpa      , Aa          
Aa          , Aa^Fpa      , Aa^Fpa      , Aa^Fpa      , Aa^Fpa      , Aa^Fpa      , Aa^Fpa      , Aa^Fpa      , Aa          , Aa          , Aa          , Aa          , Aa          , Aa^Fpa      , Aa^Fpa      , Aa^Fpa      , Aa          , Aa          , Aa          , Re          , Re          , Aa          , Aa          , Aa          , Aa^Fpa      , Aa^Fpa      , Aa^Fpa      , Aa^Fpa      , Aa^Fpa      , Aa^Fpa      , Aa^Fpa      , Aa^Fpa      , Aa          , Aa          , Aa^Fpa      , Aa^Fpa      , Aa^Fpa      , Aa^Fpa      , Aa^Fpa      , Aa^Fpa      , Aa^Fpa      , Aa          
Aa          , Aa^Fpa      , Aa^Fpa      , Aa^Fpa      , Aa^Fpa      , Aa^Fpa      , Aa          , Aa          , Aa          , Aa          , Aa          , Aa          , Aa          , Aa^Fpa      , Aa^Fpa      , Aa^Fpa      , Aa          , Aa          , Aa          , Re          , Re          , Aa          , Aa          , Aa          , Aa^Fpa      , Aa^Fpa      , Aa^Fpa      , Aa^Fpa      , Aa^Fpa      , Aa^Fpa      , Aa^Fpa      , Aa^Fpa      , Aa^Fpa      , Aa^Fpa      , Aa^Fpa      , Aa^Fpa      , Aa          , Aa^Fpa      , Aa          , Aa^Fpa      , Aa^Fpa      , Aa          
Aa          , Aa^Fpa      , Aa^Fpa      , Aa^Fpa      , Aa^Fpa      , Aa^Vha      , Aa          , Aa          , Aa          , Aa          , Aa          , Aa          , Aa          , Aa^Fpa      , Aa^Fpa      , Aa^Fpa      , Ce          , Ce          , Aa          , Re          , Re          , Re          , Aa          , Aa          , Aa^Fpa      , Aa^Fpa      , Aa^Fpa      , Aa          , Aa          , Aa^Fpa      , Aa^Fpa      , Aa^Fpa      , Aa          , Aa          , Aa          , Aa          , Aa          , Aa          , Aa^Vha      , Aa^Fpa      , Aa^Fpa      , Aa          
Aa          , Aa^Fpa      , Aa^Fpa      , Aa^Fpa      , Aa^Fpa      , Aa          , Aa          , Aa          , Aa          , Aa          , Aa          , Aa          , Aa^Fpa      , Aa          , Ce          , Ce          , Ce          , Ce          , Aa          , Re          , Re          , Re          , Aa          , Aa          , Aa^Fpa      , Aa          , Aa^Fpa      , Aa^Fpa      , Aa^Fpa      , Aa^Fpa      , Aa^Vha      , Aa          , Aa          , Aa          , Aa          , Aa          , Aa          , Aa          , Aa          , Aa          , Aa^Fpa      , Aa          
Aa          , Aa^Fpa      , Aa^Fpa      , Aa^Fpa      , Aa^Fpa      , Aa^Fpa      , Aa^Fpa      , Aa          , Aa          , Aa          , Aa^Fpa      , Aa^Fpa      , Aa^Fpa      , Aa^Fpa      , Aa^Fpa      , Ce          , Aa          , Aa          , Aa          , Re          , Re          , Re          , Aa          , Aa          , Aa^Fpa      , Aa^Fpa      , Aa^Fpa      , Aa^Fpa      , Aa^Fpa      , Aa^Fpa      , Aa^Fpa      , Aa          , Aa          , Aa          , Aa          , Aa          , Aa          , Aa          , Aa          , Aa          , Aa^Fpa      , Aa          
Aa          , Aa^Fpa      , Aa^Fpa      , Aa^Fpa      , Aa^Fpa      , Aa^Fpa      , Aa^Fpa      , Aa^Fpa      , Aa^Fpa      , Aa^Fpa      , Aa^Fpa      , Aa^Fpa      , Aa^Fpa      , Aa^Fpa      , Aa^Fpa      , Aa^Fpa      , Aa          , Aa          , Aa          , Re          , Re          , Aa          , Aa          , Aa          , Aa^Fpa      , Aa^Fpa      , Aa^Fpa      , Aa^Fpa      , Aa^Fpa      , Aa^Fpa      , Aa^Fpa      , Aa          , Aa          , Aa          , Aa          , Aa          , Aa          , Aa          , Aa          , Aa          , Aa^Fpa      , Aa          
Aa          , Aa^Fpa      , Aa^Fpa      , Aa^Fpa      , Aa^Fpa      , Aa^Fpa      , Aa^Fpa      , Aa^Fpa      , Aa^Fpa      , Aa^Fpa      , Aa^Fpa      , Aa^Fpa      , Aa^Fpa      , Aa^Fpa      , Aa^Fpa      , Aa^Fpa      , Aa          , Aa          , Aa          , Re          , Re          , Aa          , Aa          , Aa          , Aa          , Aa^Fpa      , Aa^Fpa      , Aa^Fpa      , Aa^Fpa      , Aa^Fpa      , Aa^Fpa      , Aa          , Aa          , Aa          , Aa          , Aa          , Aa^Fpa      , Aa          , Aa^Fpa      , Aa^Fpa      , Aa^Fpa      , Aa          
Aa          , Aa          , Aa          , Aa          , Aa          , Aa          , Aa          , Aa          , Aa          , Aa          , Aa          , Aa          , Aa          , Aa          , Aa          , Aa          , Aa          , Aa          , Aa          , Re          , Re          , Re          , Aa          , Aa          , Aa          , Aa          , Aa          , Aa          , Aa          , Aa          , Aa          , Aa          , Aa          , Aa          , Aa          , Aa          , Aa          , Aa          , Aa          , Aa          , Aa          , Aa          
