border_size=1
usage=map

Ha          , Ha          , Ha          , Ha          , Ha          , Ha          , Aa          , Aa          , Aa          , Aa          , Re          , Re          , Re          , Re          , Re          , Re          , Re          , Aa          , Aa          , Aa          , Aa          , Aa          , Aa          , Aa          , Aa          , Aa^Fpa      , Aa^Fpa      , Aa^Fpa      , Aa^Fpa      , Aa^Fpa      , Aa^Fpa      , Aa^Fpa      , Aa^Fpa      , Aa^Fpa      , Ha          , Ha          , Ha          , Ha          , Ha          , Ha          , Ha          , Ha          , Ha          , Mm          , Mm          , Mm          , Mm          , Mm          , Mm          , Mm          , Mm          , Mm          
Ha          , Ha          , Ha          , Ha          , Aa          , Aa          , Ce          , Aa          , Aa          , Aa          , Aa          , Re          , Re          , Re          , Re          , Re          , Re          , Aa          , Aa          , Aa          , Aa          , Aa          , Aa          , Aa          , Aa          , Aa^Fpa      , Aa^Fpa      , Aa^Fpa      , Aa^Fpa      , Aa^Fpa      , Aa^Fpa      , Aa^Fpa      , Aa^Fpa      , Aa^Fpa      , Ha          , Ha          , Ha          , Ha          , Ha          , Ha          , Ha          , Ha          , Ha          , Mm          , Mm          , Mm          , Mm          , Mm          , Mm          , Mm          , Mm          , Mm          
Ha          , Ha          , Aa          , Aa          , Aa          , Ce          , 1 Ke        , Ce          , Aa          , Aa          , Aa          , Re          , Re          , Re          , Re          , Re          , Re          , Re          , Aa          , Aa          , Aa          , Aa          , Aa          , Aa          , Aa          , Aa          , Aa          , Aa          , Aa          , Aa^Fpa      , Aa          , Aa^Fpa      , Aa^Fpa      , Aa^Fpa      , Aa^Fpa      , Ha          , Aa^Fpa      , Ha          , Aa          , Aa          , Aa          , Ha          , Ha          , Ha          , Ha          , Mm          , Ha          , Rr          , Mm          , Mm          , Mm          , Mm          
Ha          , Ha          , Aa          , Aa          , Aa          , Ce          , Ce          , Ce          , Aa          , Aa          , Aa          , Aa          , Re          , Re          , Re          , Re          , Re          , Re          , Re          , Aa          , Aa          , Aa          , Aa          , Aa          , Aa          , Aa          , Aa          , Aa          , Aa          , Aa          , Aa          , Aa          , Aa^Fpa      , Aa^Fpa      , Aa^Fpa      , Aa^Fpa      , Aa^Fpa      , Aa^Fpa      , Aa          , Aa          , Aa          , Aa          , Ha          , Ha          , Ha          , Ha          , Ha          , Ha          , Rr          , Mm          , Mm          , Mm          
Ha          , Aa          , Aa          , Aa          , Aa          , Aa          , Aa          , Aa          , Aa          , Aa          , Aa          , Aa          , Re          , Re          , Re          , Re          , Ch          , Re          , Re          , Re          , Aa          , Aa          , Aa          , Aa          , Aa          , Aa          , Aa          , Aa          , Aa          , Aa          , Aa          , Aa          , Aa          , Aa^Fpa      , Aa          , Aa^Fpa      , Aa^Fpa      , Aa^Fpa      , Aa          , Aa          , Aa          , Aa          , Aa          , Ha          , Aa          , Ha          , Ha          , Ha          , Mm          , Mm          , Mm          , Mm          
Ha          , Aa          , Aa          , Aa          , Aa          , Aa          , Aa          , Aa          , Aa          , Aa          , Ch          , Re          , Rp          , Re          , Re          , Ch          , Ch          , Ch          , Re          , Re          , Re          , Aa          , Aa          , Aa          , Ch          , Ch          , Ch          , Aa          , Aa          , Aa          , Aa          , Aa          , Aa          , Aa          , Aa          , Aa          , Aa          , Aa          , Aa          , Aa          , Aa          , Aa          , Aa          , Aa          , Aa          , Ha          , Ha          , Ha          , Mm          , Mm          , Mm          , Mm          
Ha          , Aa          , Aa          , Aa          , Aa          , Aa          , Aa          , Aa          , Ch          , Ch          , Rp          , Rp          , Rr          , Rr          , Rr          , Rr          , Rr          , Rr          , Rr          , Rr          , Rr          , Ch          , Ch          , Ch          , Rp          , Rp          , Ch          , Aa          , Aa          , Aa          , Aa          , Aa          , Aa          , Aa          , Aa          , Aa          , Aa          , Aa          , Aa          , Aa          , Aa          , Aa          , Aa          , Aa          , Aa^Fpa      , Ha          , Ha          , Ha          , Mm          , Mm          , Mm          , Mm          
Ha          , Aa          , Aa          , Aa          , Aa          , Aa          , Ch          , Ch          , Rp          , Rp          , Rp          , Rp          , Rr          , Rr          , Rr          , Rr          , Rr          , Rr          , Rr          , Rr          , Rr          , Rp          , Rp          , Rp          , Rp          , Rp          , Ch          , Aa          , Aa          , Aa          , Ch          , Aa          , Ch          , Aa          , Aa          , Aa          , Aa          , Aa          , Aa          , Aa          , Aa          , Aa          , Aa^Fpa      , Aa^Fpa      , Aa^Fpa      , Aa^Fpa      , Ha          , Ha          , Ha          , Mm          , Mm          , Mm          
Ha          , Aa          , Aa          , Aa          , Ch          , Ch          , Rp          , Rp          , Rp          , Rp          , Re          , Re          , Re          , Re          , Ch          , Rr          , Rr          , Rr          , Ch          , Rr          , Re          , Rp          , Re          , Re          , Rp          , Rp          , Rp          , Ch          , Ch          , Ch          , Rp          , Ch          , Ch          , Ch          , Ch          , Aa          , Aa          , Aa          , Aa          , Aa          , Aa          , Aa          , Aa^Fpa      , Aa^Fpa      , Aa^Fpa      , Aa^Fpa      , Ha          , Ha          , Ha          , Mm          , Mm          , Mm          
Ha          , Aa          , Ch          , Ch          , Rp          , Rp          , Rp          , Rp          , Re          , Re          , Gg^Vh       , Re          , Gs^Fp       , Re          , Rr          , Rr          , Rr          , Rr          , Rr          , Re          , Gs^Fp       , Re          , Rp          , Rp          , Rp          , Rp          , Ch          , Ch          , Re          , Ch          , Ch          , Rp          , Rp          , Rp          , Rp          , Ch          , Ch          , Aa          , Aa          , Aa          , Aa          , Aa          , Aa          , Aa^Fpa      , Aa^Fpa      , Aa^Fpa      , Aa^Fpa      , Ha          , Ha          , Ha          , Ha          , Ha          
Ha          , Aa          , Ch          , Rp          , Rp          , Rp          , Re          , Re          , Rp          , Rp          , Gg          , Gg          , Rr          , Rr          , Rr          , Rr          , Rr          , Rr          , Rr          , Rr          , Gg^Vh       , Gs^Fp       , Rp          , Rp          , Rp          , Rp          , Ch          , Re          , Gs^Fp       , Re          , Re          , Ch          , Gg          , Rp          , Rp          , Rp          , Rp          , Ch          , Ch          , Aa          , Aa          , Aa          , Aa          , Aa          , Aa          , Aa^Fpa      , Aa^Fpa      , Aa^Fpa      , Ha          , Ha          , Ha          , Ha          
Ha          , Aa          , Ch          , Rp          , Rp          , Ch          , Rp          , Rp          , Rp          , Rp          , Rp          , Rp          , Rr          , Rr          , Rr          , Rr          , Rr          , Rr          , Rr          , Rr          , Rr          , Rr          , Rp          , Rp          , Ch          , Ch          , Re          , Re          , Gg^Vh       , Ch          , Re          , Re          , Gg          , Gg          , Gs^Fp       , Gg          , Gg          , Rp          , Rp          , Ch          , Ch          , Aa          , Aa          , Aa          , Aa          , Aa^Fpa      , Aa^Fpa      , Aa^Fpa      , Ha          , Ha          , Ha          , Ha          
Ha          , Aa          , Ch          , Rp          , Rp          , Rp          , Rp          , Rp          , Rp          , Rp          , Gs^Fp       , Rr          , Re^Gvs      , Re          , Re^Gvs      , Rr          , Ch          , Rr          , Rr          , Rr          , Rr          , Rr          , Rr          , Rp          , Ch          , Re^Gvs      , Re^Gvs      , Re^Gvs      , Re          , Re          , Rp          , Ch          , Re^Gvs      , Gs^Fp       , Ww          , Gs^Fp       , Gg          , Ch          , Gg          , Rp          , Rp          , Ch          , Aa          , Aa          , Aa          , Aa^Fpa      , Aa^Fpa      , Aa^Fpa      , Ha          , Ha          , Ha          , Ha          
Ha          , Aa          , Ch          , Rp          , Ch          , Rp          , Rp          , Rp          , Ch          , Ch          , Ggf         , Gg          , Gg          , Re^Gvs      , Re^Gvs      , Ch          , 3 Kh        , Ch          , Rr          , Rr          , Re^Gvs      , Re^Gvs      , Ggf         , Ch          , Ch          , Re^Gvs      , Re^Gvs      , Re^Gvs      , Gs^Fp       , Re          , Rp          , Ch          , Re^Gvs      , Gg^Vh       , Ww          , Ww          , Ww          , Gg          , Gg          , Gg          , Rp          , Ch          , Ch          , Aa          , Aa          , Aa^Fpa      , Aa^Fpa      , Aa^Fpa      , Aa^Fpa      , Ha          , Ha          , Ha          
Ha          , Aa          , Ch          , Ch          , Rp          , Ch          , Ch          , Rp          , Ch          , Gg^Fet      , Ggf         , Gg^Vh       , Re^Gvs      , Re^Gvs      , Re^Gvs      , Ch          , Ch          , Ch          , Re^Gvs      , Re^Gvs      , Gs^Fp       , Gs^Fp       , Ggf         , Gg^Fet      , Ch          , Re^Gvs      , Re^Gvs      , Re^Gvs      , Ch          , Ch          , Ch          , Ch          , Ch          , Re^Gvs      , Ch          , Ww          , Ww          , Ww          , Re^Gvs      , Gg          , Gg          , Rp          , Rp          , Ch          , Aa          , Aa^Fpa      , Aa^Fpa      , Aa^Fpa      , Aa^Fpa      , Ha          , Ha          , Ha          
Ha          , Aa          , Ch          , Rp          , Rp          , Rp          , Rp          , Ch          , Rp          , Ch          , Gg          , Gg          , Re^Gvs      , Re^Gvs      , Re^Gvs      , Re^Gvs      , Re^Gvs      , Re^Gvs      , Re          , Re          , Re          , Gg^Vh       , Gg          , Ch          , Re^Gvs      , Re^Gvs      , Ch          , Ch          , Re          , Re          , Re          , Re          , Ch          , Ch          , Rr          , Ch          , Ch          , Gg^Vh       , Re^Gvs      , Re^Gvs      , Gg          , Gg          , Gg          , Ch          , Ch          , Aa^Fpa      , Aa^Fpa      , Aa^Fpa      , Aa^Fpa      , Ha          , Ha          , Ha          
Ha          , Aa          , Ch          , Rp          , Rp          , Re          , Rp          , Rp          , Rp          , Gg          , Gg^Wm       , Re^Gvs      , Re^Gvs      , Re^Gvs      , Re          , Re^Gvs      , Gg          , Gg^Vh       , Re          , Uu          , Re          , Gg          , Gg          , Re^Gvs      , Re^Gvs      , Re^Gvs      , Ch          , Re          , Ch          , Ch          , Ch          , Re          , Ch          , Rr          , Rr          , Rr          , Rr          , Ch          , Ch          , Re^Gvs      , Gg          , Gg          , Ch          , Gg          , Rp          , Ch          , Aa^Fpa      , Aa^Fpa      , Aa^Fpa      , Ha          , Ha          , Ha          
Ha          , Aa          , Ch          , Rp          , Rp          , Re          , Rp          , Rp          , Rp          , Gg          , Gg          , Re          , Re          , Re          , Rr          , Re          , Gg          , Re          , Uu          , Uu          , Uu          , Re          , Gg          , Gg^Vh       , Gg          , Re^Gvs      , Ch          , Re          , Ch          , 2 Kh        , Ch          , Re          , Ch          , Rr          , Rr          , Rr          , Rr          , Rp          , Rp          , Re          , Ch          , Gg          , Gg          , Gg          , Rp          , Ch          , Aa^Fpa      , Aa^Fpa      , Aa^Fpa      , Aa^Fpa      , Ha          , Ha          
Ha          , Aa          , Ch          , Rp          , Rp          , Re          , Ch          , Rp          , Gg          , Gg          , Gg          , Gg          , Rp          , Rr          , Rr          , Rr          , Rr          , Re          , Uu          , Ql          , Uu          , Re          , Re          , Re          , Gg          , Re^Gvs      , Ch          , Re          , Re          , Ch          , Re          , Re          , Ch          , Rr          , Rr          , Rr          , Rr          , Rr          , Re          , Re          , Rp          , Ch          , Ch          , Gg          , Rp          , Ch          , Aa^Fpa      , Aa^Fpa      , Aa^Fpa      , Aa^Fpa      , Ha          , Ha          
Ha          , Aa          , Ch          , Rp          , Rp          , Rp          , Rp          , Re          , Re          , Gg          , Gg^Vh       , Rp          , Rp          , Rp          , Rr          , Rr          , Rr          , Re          , Re          , Uu          , Re          , Re          , Ww          , Ww          , Ww          , Gg          , Rr          , Ch          , Ch          , Re          , Ch          , Ch          , Rr          , Rr          , Rr          , Rr          , Rr          , Rr          , Re          , Re^Gvs      , Re^Gvs      , Rp          , Rp          , Ch          , Ch          , Ch          , Aa          , Aa^Fpa      , Aa^Fpa      , Aa^Fpa      , Aa^Fpa      , Ha          
Ha          , Aa          , Aa          , Ch          , Ch          , Rp          , Rp          , Rp          , Rp          , Re          , Ch          , Rp          , Rp          , Rp          , Rp          , Rr          , Rr          , Rr          , Re          , Uu          , Uu          , Re          , Ww          , Ww          , Ww          , Gg          , Rr          , Rr          , Rr          , Ch          , Rr          , Rr          , Ch          , Rr          , Rr          , Rr          , Rr          , Rr          , Rr          , Re          , Gg^Vh       , Re^Gvs      , Re^Gvs      , Rp          , Rp          , Ch          , Ch          , Aa          , Aa          , Aa^Fpa      , Aa^Fpa      , Aa^Fpa      
Ha          , Aa          , Aa          , Aa          , Aa          , Ch          , Ch          , Rp          , Rp          , Rp          , Rp          , Re          , Re          , Rp          , Ch          , Rp          , Rr          , Rr          , Rr          , Re          , Re          , Re          , Re          , Ww^Bw|      , Gg^Vh       , Gg^Fet      , Rr          , Rr          , Rr          , Rr          , Ch          , Ch          , Rp          , Ch          , Ch          , Rr          , Ch          , Rr          , Rr          , Rr          , Rr          , Re          , Rp          , Rp          , Rp          , Rp          , Ch          , Aa          , Aa          , Aa^Fpa      , Aa^Fpa      , Aa^Fpa      
Ha          , Aa          , Aa          , Aa          , Aa          , Chr         , Rp          , Ch          , Ch          , Rp          , Rp          , Rp          , Rp          , Re          , Re          , Rp          , Rp          , Rr          , Rr          , Rr          , Rr          , Gg          , Gg          , Gg          , Rr          , Rr          , Rr          , Rr          , Ch          , Ch          , Rp          , Rp          , Rp          , Rp          , Rp          , Ch          , Rp          , Ch          , Ch          , Rr          , Rr          , Rr          , Rp          , Rp          , Ch          , Ch          , Aa          , Aa          , Aa          , Aa^Fpa      , Aa^Fpa      , Aa^Fpa      
Aa^Fpa      , Aa^Fpa      , Aa          , Aa          , Aa          , Chr         , Rp          , Re          , Re          , Ch          , Ch          , Rp          , Rp          , Rp          , Rp          , Re          , Ch          , Ch          , Ch          , Rr          , Re          , Ch          , Rr          , Rr          , Rr          , Rr          , Ch          , Ch          , Rp          , Rp          , Ggf         , Gs          , Gs          , Gs          , Gs          , Rp          , Rp          , Rp          , Ch          , Rr          , Rr          , Rr          , Rr          , Ch          , Ch          , Aa          , Aa          , Aa          , Aa          , Aa^Fpa      , Aa^Fpa      , Aa^Fpa      
Aa^Fpa      , Aa^Fpa      , Aa^Fpa      , Aa          , Aa          , Chr         , Rp          , Re^Gvs      , Re^Gvs      , Re          , Re          , Ch          , Chr         , Re          , Re          , Re          , Re          , Chr         , Re          , Re          , Rr          , Rr          , Rr          , Rr          , Ch          , Ch          , Gs^Fp       , Gs^Fp       , Re          , Ggf         , Chr         , Gs          , Rp          , Gs          , Gs          , Gs          , Gs          , Rp          , Ch          , Rr          , Re^Gvs      , Rr          , Rr          , Rr          , Ch          , Aa          , Aa          , Aa          , Aa^Fpa      , Aa^Fpa      , Aa^Fpa      , Aa^Fpa      
Aa^Fpa      , Aa^Fpa      , Aa^Fpa      , Aa          , Aa          , Chr         , Rp          , Re^Gvs      , Re          , Re          , Re          , Re          , Re          , Re          , Re          , Re          , Re          , Re          , Re          , Re          , Re          , Rr          , Chr         , Ch          , Gs          , Gs          , Gs          , Gs          , Re          , Re          , Rp          , Rp          , Rp          , Gs          , Uu          , Gs          , Ch          , Ch          , Rp          , Rr          , Gg^Vh       , Gg          , Rr          , Rr          , Ch          , Aa          , Aa          , Aa          , Aa^Fpa      , Aa^Fpa      , Aa^Fpa      , Aa^Fpa      
Aa^Fpa      , Aa^Fpa      , Aa^Fpa      , Aa          , Aa          , Chr         , Chr         , Rp          , Uu          , Khr         , Uu          , Re          , Gs^Fp       , Gg          , Gg          , Gg          , Gg          , Re          , Re^Gvs      , Re          , Re          , Chr         , Re          , Re          , Re          , Gs          , Uu          , Gs          , Gs          , Re          , Re          , Rp          , Gs          , Uu          , Uu          , Uu          , Uu          , Rp          , Rp          , Rr          , Ch          , Gg          , Rr          , Rr          , Rr          , Ch          , Aa          , Aa          , Aa          , Aa^Fpa      , Aa^Fpa      , Aa^Fpa      
Aa^Fpa      , Aa^Fpa      , Aa^Fpa      , Aa          , Aa          , Aa          , Chr         , Gg          , Gg          , Uu          , Gg          , Gs^Fp       , Gg          , Gg          , Gg          , Re          , Re          , Re^Gvs      , Re^Gvs      , Re          , Re          , Re          , Re          , Re          , Re          , Re          , Uu          , Uu          , Chr         , Re          , Gs          , Gs          , Gs          , Uu          , Uu          , Uu          , Ch          , Rp          , Rp          , Ch          , 4 Kh        , Ch          , Rr          , Rr          , Rr          , Ch          , Aa          , Aa          , Aa          , Aa^Fpa      , Aa^Fpa      , Aa^Fpa      
Aa^Fpa      , Aa^Fpa      , Aa          , Aa          , Aa          , Aa          , Aa          , Chr         , Uu          , Gg          , Re          , Gg          , Chr         , Gg          , Re          , Re          , Re          , Re^Gvs      , Re          , Re          , Re          , Re          , Uu          , Chr         , Chr         , Re          , Re          , Uu          , Re          , Khr         , Chr         , Gs          , Re          , Gs          , Gs          , Gs          , Ch          , Rp          , Rp          , Ch          , Ch          , Ch          , Rr          , Rr          , Rr          , Ch          , Aa          , Aa          , Aa          , Aa^Fpa      , Aa^Fpa      , Aa^Fpa      
Aa^Fpa      , Aa^Fpa      , Aa          , Aa          , Aa          , Aa          , Aa          , Aa          , Aa          , Chr         , Uu          , Re          , Uu          , Re          , Re          , Re          , Re          , Re          , Chr         , Re          , Uu          , Chr         , Aa          , Aa          , Aa          , Chr         , Chr         , Gs          , Re          , Re          , Re          , Re          , Re          , Re          , Chr         , Chr         , Ch          , Rp          , Rp          , Rp          , Rp          , Rr          , Rr          , Rr          , Ch          , Ch          , Aa          , Aa          , Aa          , Aa^Fpa      , Aa^Fpa      , Aa^Fpa      
Aa^Fpa      , Aa^Fpa      , Aa          , Aa          , Ha          , Aa          , Aa          , Aa          , Aa          , Aa          , Aa          , Uu          , Aa          , Aa          , Re          , Re          , Re          , Uu          , Re          , Chr         , Re          , Aa          , Aa          , Aa          , Aa          , Aa          , Aa          , Chr         , Chr         , Re          , Chr         , Uu          , Uu          , Uu          , Aa          , Aa          , Re          , Re          , Rp          , Rp          , Rp          , Rr          , Rr          , Rr          , Ch          , Aa          , Aa          , Aa          , Aa          , Aa^Fpa      , Aa^Fpa      , Aa^Fpa      
Aa^Fpa      , Aa^Fpa      , Aa          , Ha          , Ha          , Ha          , Aa          , Aa          , Aa          , Aa          , Aa          , Aa          , Ce          , Re          , Aa          , Aa          , Aa          , Re          , Re          , Re          , Re          , Re          , Re          , Aa          , Re          , Aa          , Re          , Aa          , Aa          , Chr         , Aa          , Aa          , Aa          , Aa          , Re          , Re          , Aa          , Uu          , Ch          , Rp          , Rp          , Rr          , Ch          , Ch          , Aa          , Aa          , Aa          , Aa          , Aa          , Aa^Fpa      , Aa^Fpa      , Aa^Fpa      
Aa^Fpa      , Aa^Fpa      , Aa          , Ha          , Ha          , Ha          , Aa          , Aa          , Aa          , Aa          , Aa          , Ce          , 5 Ke        , Ce          , Aa          , Aa          , Aa          , Aa          , Aa          , Aa          , Aa          , Re          , Re          , Re          , Re          , Re          , Re          , Re          , Re          , Aa          , Aa          , Aa          , Re          , Re          , Aa          , Aa          , Aa          , Aa          , Aa          , Ch          , Ch          , Ch          , Aa          , Aa          , Aa          , Aa          , Aa          , Aa          , Aa          , Aa^Fpa      , Aa^Fpa      , Aa^Fpa      
Aa^Fpa      , Aa^Fpa      , Aa^Fpa      , Aa          , Aa          , Ha          , Aa          , Aa          , Aa          , Aa          , Aa          , Ce          , Ce          , Ce          , Aa          , Aa          , Aa          , Aa          , Aa          , Aa          , Aa          , Aa          , Aa          , Re          , Aa          , Re          , Re          , Re          , Re          , Re          , Re          , Re          , Aa          , Aa          , Aa          , Aa          , Aa          , Aa          , Aa          , Aa          , Aa          , Aa          , Aa          , Aa          , Aa          , Aa          , Aa          , Aa          , Aa^Fpa      , Aa^Fpa      , Aa^Fpa      , Aa^Fpa      
Aa^Fpa      , Aa^Fpa      , Aa^Fpa      , Aa^Fpa      , Aa^Fpa      , Aa          , Aa          , Aa          , Aa          , Aa          , Aa          , Aa          , Aa          , Aa          , Aa          , Aa          , Aa          , Aa          , Aa          , Aa          , Aa          , Aa          , Aa          , Aa          , Aa          , Aa          , Aa          , Aa          , Aa          , Re          , Re          , Aa          , Aa          , Aa          , Aa          , Aa          , Aa          , Aa          , Aa          , Aa          , Aa          , Aa          , Aa          , Aa          , Aa          , Aa          , Aa          , Aa          , Aa^Fpa      , Aa^Fpa      , Aa^Fpa      , Aa^Fpa      
Ha          , Ha          , Ha          , Aa^Fpa      , Aa^Fpa      , Aa          , Aa          , Aa          , Aa          , Aa          , Aa^Fpa      , Aa          , Aa^Fpa      , Aa          , Aa          , Aa          , Aa          , Aa          , Aa          , Aa          , Aa          , Aa          , Aa          , Aa          , Aa          , Aa          , Aa          , Aa          , Aa          , Re          , Re          , Re          , Aa          , Aa          , Aa          , Aa          , Aa          , Aa          , Aa          , Aa          , Aa          , Aa          , Aa          , Aa          , Aa          , Aa          , Aa          , Aa          , Aa^Fpa      , Aa^Fpa      , Aa^Fpa      , Aa^Fpa      
Ha          , Ha          , Ha          , Ha          , Aa^Fpa      , Aa^Fpa      , Aa^Fpa      , Aa          , Aa          , Aa          , Aa^Fpa      , Aa^Fpa      , Aa^Fpa      , Aa^Fpa      , Aa          , Aa          , Aa          , Aa          , Aa          , Aa          , Aa          , Aa          , Aa          , Aa          , Aa          , Aa          , Aa          , Aa          , Aa          , Aa          , Re          , Re          , Re          , Aa          , Aa          , Aa          , Aa          , Aa          , Aa          , Aa          , Aa          , Aa          , Aa          , Aa          , Aa          , Aa          , Aa          , Aa          , Aa^Fpa      , Aa^Fpa      , Aa^Fpa      , Aa^Fpa      
Ha          , Ha          , Ha          , Ha          , Aa^Fpa      , Aa^Fpa      , Aa^Fpa      , Aa^Fpa      , Aa^Fpa      , Aa          , Aa          , Aa^Fpa      , Ha          , Aa^Fpa      , Aa          , Aa          , Aa          , Aa          , Aa^Fpa      , Aa          , Aa^Fpa      , Aa          , Aa^Fpa      , Aa          , Aa          , Aa          , Aa          , Aa          , Aa          , Aa          , Aa          , Re          , Re          , Re          , Aa          , Aa          , Aa          , Aa          , Aa          , Aa          , Aa          , Aa          , Aa          , Aa          , Aa          , Aa          , Aa          , Aa          , Aa^Fpa      , Aa^Fpa      , Aa^Fpa      , Aa^Fpa      
Ha          , Ha          , Ha          , Ha          , Ha          , Aa^Fpa      , Aa^Fpa      , Aa^Fpa      , Aa^Fpa      , Aa^Fpa      , Aa^Fpa      , Ha          , Ha          , Ha          , Aa          , Aa          , Aa^Fpa      , Aa^Fpa      , Aa^Fpa      , Aa^Fpa      , Aa^Fpa      , Aa^Fpa      , Aa^Fpa      , Aa^Fpa      , Aa^Fpa      , Aa          , Aa          , Aa          , Aa          , Aa          , Aa          , Re          , Re          , Re          , Re          , Aa          , Aa          , Aa          , Aa          , Aa          , Aa          , Aa          , Aa          , Aa          , Aa          , Aa          , Aa          , Aa          , Aa^Fpa      , Aa^Fpa      , Aa^Fpa      , Aa^Fpa      
Ha          , Ha          , Ha          , Ha          , Ha          , Aa^Fpa      , Aa^Fpa      , Aa^Fpa      , Aa^Fpa      , Aa^Fpa      , Aa^Fpa      , Aa^Fpa      , Aa^Fpa      , Ha          , Aa^Fpa      , Aa^Fpa      , Aa^Fpa      , Aa^Fpa      , Aa^Fpa      , Aa^Fpa      , Aa^Fpa      , Aa^Fpa      , Aa^Fpa      , Aa^Fpa      , Aa^Fpa      , Aa^Fpa      , Aa^Fpa      , Aa          , Aa          , Aa          , Aa          , Re          , Re          , Re          , Re          , Re          , Aa          , Aa          , Aa          , Aa          , Aa          , Aa          , Aa          , Aa          , Aa          , Aa          , Aa          , Aa          , Aa^Fpa      , Aa^Fpa      , Aa^Fpa      , Aa^Fpa      
Ha          , Ha          , Ha          , Ha          , Ha          , Ha          , Aa^Fpa      , Aa^Fpa      , Aa^Fpa      , Aa^Fpa      , Aa^Fpa      , Aa^Fpa      , Aa^Fpa      , Aa^Fpa      , Aa^Fpa      , Aa^Fpa      , Aa^Fpa      , Aa^Fpa      , Aa^Fpa      , Aa^Fpa      , Aa^Fpa      , Aa^Fpa      , Aa^Fpa      , Aa^Fpa      , Aa^Fpa      , Aa^Fpa      , Aa^Fpa      , Aa^Fpa      , Aa          , Aa          , Aa          , Aa          , Aa          , Re          , Re          , Re          , Aa          , Aa          , Aa          , Aa          , Aa          , Aa          , Aa          , Aa          , Aa          , Aa          , Aa^Fpa      , Aa^Fpa      , Aa^Fpa      , Aa^Fpa      , Aa^Fpa      , Aa^Fpa      
Ha          , Ha          , Ha          , Ha          , Ha          , Ha          , Ha          , Aa^Fpa      , Aa^Fpa      , Aa^Fpa      , Aa^Fpa      , Aa^Fpa      , Aa^Fpa      , Aa^Fpa      , Aa^Fpa      , Aa^Fpa      , Aa^Fpa      , Aa^Fpa      , Aa^Fpa      , Aa^Fpa      , Aa^Fpa      , Aa^Fpa      , Aa^Fpa      , Aa^Fpa      , Aa^Fpa      , Aa^Fpa      , Aa^Fpa      , Aa^Fpa      , Aa^Fpa      , Aa          , Aa          , Aa          , Aa          , Re          , Re          , Re          , Re          , Aa          , Aa          , Aa          , Aa          , Aa          , Aa          , Aa          , Aa          , Aa          , Aa^Fpa      , Aa^Fpa      , Aa^Fpa      , Aa^Fpa      , Aa^Fpa      , Aa^Fpa      
