border_size=1
usage=map

Qxu         , Qxu         , Qxu         , Qxu         , Qxu         , Qxu         , Qxu         , Qxu         , Qxu         , Qxu         , Qxu         , Qxu         , Qxu         , Qxu         , Qxu         , Qxu         , Qxu         , Qxu         , Qxu         , Qxu         , Qxu         , Qxu         , Qxu         , Qxu         , Qxu         , Qxu         , Qxu         , Qxu         , Qxu         , Qxu         , Qxu         , Qxu         
Qxu         , Qxu         , Qxu         , Qxu         , Qxu         , Qxu         , Qxu         , Qxu         , Qxu         , Qxu         , Qxu         , Qxu         , Qxu         , Qxu         , Qxu         , Qxu         , Qxu         , Qxu         , Qxu         , Qxu         , Qxu         , Qxu         , Qxu         , Qxu         , Qxu         , Qxu         , Qxu         , Qxu         , Qxu         , Qxu         , Qxu         , Qxu         
Qxu         , Qxu         , Qxu         , Qxu         , Qxu         , Xu          , Qxu         , Qxu         , Qxu         , Qxu         , Qxu         , Qxu         , Qxu         , Qxu         , Qxu         , Qxu         , Qxu         , Xu          , Qxu         , Qxu         , Qxu         , Qxu         , Qxu         , Qxu         , Qxu         , Qxu         , Qxu         , Qxu         , Qxu         , Qxu         , Qxu         , Qxu         
Qxu         , Qxu         , Qxu         , Qxu         , Xu          , Xu          , Qxu         , Qxu         , Qxu         , Qxu         , Qxu         , Qxu         , Qxu         , Qxu         , Qxu         , Qxu         , Qxu         , Xu          , Xu          , Qxu         , Qxu         , Qxu         , Qxu         , Qxu         , Qxu         , Qxu         , Qxu         , Qxu         , Qxu         , Qxu         , Qxu         , Qxu         
Qxu         , Qxu         , Qxu         , Xu          , Xu          , Qxu         , Qxu         , Qxu         , Qxu         , Qxu         , Qxu         , Qxu         , Qxu         , Qxu         , Qxu         , Qxu         , Qxu         , Qxu         , Xu          , Qxu         , Qxu         , Qxu         , Qxu         , Qxu         , Qxu         , Qxu         , Qxu         , Qxu         , Qxu         , Qxu         , Qxu         , Qxu         
Qxu         , Qxu         , Qxu         , Qxu         , Qxu         , Xu          , Xu          , Uh          , Uh          , Qxu         , Uh          , Qxu         , Uh          , Qxu         , Uh          , Qxu         , Xu          , Xu          , Qxu         , Qxu         , Qxu         , Qxu         , Qxu         , Qxu         , Qxu         , Qxu         , Qxu         , Qxu         , Qxu         , Qxu         , Qxu         , Qxu         
Qxu         , Qxu         , Qxu         , Qxu         , Qxu         , Qxu         , Xu          , Xu          , Uu          , Uh          , Uu          , Uh          , Uu          , Uh          , Uu          , Xu          , Qxu         , Qxu         , Qxu         , Qxu         , Qxu         , Qxu         , Qxu         , Qxu         , Qxu         , Qxu         , Qxu         , Qxu         , Qxu         , Qxu         , Qxu         , Qxu         
Qxu         , Qxu         , Qxu         , Qxu         , Qxu         , Qxu         , Qxu         , Qxu         , Qxu         , Xu          , Qxu         , Qxu         , Qxu         , Xu          , Qxu         , Xu          , Qxu         , Qxu         , Qxu         , Qxu         , Qxu         , Qxu         , Qxu         , Qxu         , Qxu         , Qxu         , Qxu         , Qxu         , Qxu         , Qxu         , Qxu         , Qxu         
Qxu         , Qxu         , Qxu         , Qxu         , Qxu         , Qxu         , Qxu         , Qxu         , Qxu         , Qxu         , Qxu         , Qxu         , Qxu         , Qxu         , Qxu         , Qxu         , Qxu         , Qxu         , Qxu         , Qxu         , Qxu         , Qxu         , Qxu         , Qxu         , Qxu         , Qxu         , Qxu         , Qxu         , Qxu         , Qxu         , Qxu         , Qxu         
Qxu         , Qxu         , Qxu         , Qxu         , Qxu         , Qxu         , Qxu         , Qxu         , Xu          , Qxu         , Qxu         , Qxu         , Qxu         , Qxu         , Xu          , Qxu         , Qxu         , Qxu         , Qxu         , Qxu         , Qxu         , Qxu         , Qxu         , Qxu         , Qxu         , Qxu         , Qxu         , Qxu         , Qxu         , Qxu         , Qxu         , Qxu         
Qxu         , Qxu         , Qxu         , Qxu         , Qxu         , Qxu         , Qxu         , Qxu         , Xu          , Qxu         , Uu          , Cud         , Uu          , Qxu         , Xu          , Qxu         , Qxu         , Qxu         , Qxu         , Qxu         , Qxu         , Qxu         , Qxu         , Qxu         , Qxu         , Qxu         , Qxu         , Qxu         , Qxu         , Qxu         , Qxu         , Qxu         
Qxu         , Qxu         , Qxu         , Qxu         , Qxu         , Qxu         , Qxu         , Uh          , Uh          , Cud         , Rr          , Rr          , Rr          , Cud         , Uh          , Uh          , Qxu         , Qxu         , Qxu         , Qxu         , Qxu         , Qxu         , Qxu         , Qxu         , Qxu         , Qxu         , Qxu         , Qxu         , Qxu         , Qxu         , Qxu         , Qxu         
Qxu         , Qxu         , Qxu         , Qxu         , Qxu         , Qxu         , Qxu         , Qxu         , Qxu         , Qxu         , Uu          , Rr          , Uu          , Qxu         , Qxu         , Qxu         , Qxu         , Qxu         , Qxu         , Qxu         , Qxu         , Qxu         , Qxu         , Qxu         , Qxu         , Qxu         , Qxu         , Qxu         , Qxu         , Qxu         , Qxu         , Qxu         
Qxu         , Qxu         , Qxu         , Qxu         , Qxu         , Qxu         , Qxu         , Qxu         , Qxu         , Qxu         , Uu          , Rr          , Uu          , Qxu         , Qxu         , Qxu         , Qxu         , Qxu         , Qxu         , Qxu         , Qxu         , Qxu         , Qxu         , Qxu         , Qxu         , Qxu         , Qxu         , Qxu         , Qxu         , Qxu         , Qxu         , Qxu         
Qxu         , Qxu         , Qxu         , Qxu         , Qxu         , Qxu         , Qxu         , Qxu         , Qxu         , Qxu         , Uu          , Rr          , Uu          , Qxu         , Qxu         , Qxu         , Qxu         , Qxu         , Qxu         , Qxu         , Qxu         , Qxu         , Qxu         , Qxu         , Qxu         , Qxu         , Qxu         , Qxu         , Qxu         , Qxu         , Qxu         , Qxu         
Qxu         , Qxu         , Qxu         , Qxu         , Qxu         , Qxu         , Qxu         , Qxu         , Qxu         , Qxu         , Uu          , Rr          , Uu          , Qxu         , Qxu         , Qxu         , Qxu         , Qxu         , Qxu         , Qxu         , Qxu         , Qxu         , Qxu         , Qxu         , Qxu         , Qxu         , Qxu         , Qxu         , Qxu         , Qxu         , Qxu         , Qxu         
Qxu         , Qxu         , Qxu         , Qxu         , Qxu         , Qxu         , Qxu         , Qxu         , Qxu         , Qxu         , Uu          , Rr          , Uu          , Qxu         , Qxu         , Qxu         , Qxu         , Qxu         , Qxu         , Qxu         , Qxu         , Qxu         , Qxu         , Qxu         , Qxu         , Qxu         , Qxu         , Qxu         , Qxu         , Qxu         , Qxu         , Qxu         
Qxu         , Qxu         , Qxu         , Qxu         , Qxu         , Qxu         , Qxu         , Qxu         , Qxu         , Qxu         , Uu          , Rr          , Uu          , Qxu         , Qxu         , Qxu         , Qxu         , Qxu         , Qxu         , Qxu         , Qxu         , Qxu         , Qxu         , Qxu         , Qxu         , Qxu         , Qxu         , Qxu         , Qxu         , Qxu         , Qxu         , Qxu         
Qxu         , Qxu         , Qxu         , Qxu         , Qxu         , Qxu         , Qxu         , Qxu         , Uu          , Uu          , Cud         , Rr          , Uu          , Uu          , Uu          , Qxu         , Qxu         , Qxu         , Qxu         , Qxu         , Qxu         , Qxu         , Qxu         , Qxu         , Qxu         , Qxu         , Qxu         , Qxu         , Qxu         , Qxu         , Qxu         , Qxu         
Qxu         , Qxu         , Qxu         , Qxu         , Qxu         , Qxu         , Qxu         , Qxu         , Uu          , Kud         , Cud         , Rr          , Cud         , Uu          , Uu          , Qxu         , Qxu         , Qxu         , Qxu         , Qxu         , Qxu         , Qxu         , Uu          , Qxu         , Qxu         , Qxu         , Qxu         , Qxu         , Qxu         , Qxu         , Qxu         , Qxu         
Qxu         , Qxu         , Qxu         , Qxu         , Qxu         , Qxu         , Qxu         , Uu          , Uu          , Cud         , Uu          , Rr          , Uu          , Uu          , Uu          , Uu          , Uu          , Qxu         , Qxu         , Qxu         , Qxu         , Qxu         , Qxu         , Uu          , Uu          , Qxu         , Qxu         , Qxu         , Qxu         , Qxu         , Qxu         , Qxu         
Qxu         , Qxu         , Qxu         , Qxu         , Qxu         , Qxu         , Qxu         , Uu          , Uh          , Uu          , Uh          , Rr          , Uh          , Uu          , Uh          , Uu          , Uh          , Qxu         , Uh          , Uh          , Uh          , Qxu         , Uh          , Uu          , Uu          , Uu          , Qxu         , Qxu         , Qxu         , Qxu         , Qxu         , Qxu         
Qxu         , Qxu         , Qxu         , Qxu         , Uu          , Uu          , Uh          , Uh          , Rr          , Rr          , Rr          , Rr          , Rr          , Rr          , Rr          , Rr          , Rr          , Rr          , Rr          , Rr          , Rr          , Rr          , Rr          , Uh          , Rr          , Uh          , Uh          , Qxu         , Qxu         , Qxu         , Qxu         , Qxu         
Qxu         , Qxu         , Qxu         , Qxu         , Uu          , Uh          , Rr          , Rr          , Rr          , Rr          , Rr          , Cud         , Cud         , Rr          , Rr          , Rr          , Rr          , Rr          , Uu          , Uu          , Uu          , Rr          , Uu          , Rr          , Rr          , Rr          , Rr          , Uh          , Uh          , Qxu         , Qxu         , Qxu         
Qxu         , Qxu         , Qxu         , Qxu         , Uu          , Uh          , Xu          , Xu          , Xu          , Xu          , Rr          , Uh          , Uh          , Ql          , Ql          , Rr          , Ql          , Ql          , Ql          , Uu          , Cud         , Uu          , Xu          , Uu          , Rr          , Rr          , Rr          , Uu          , Uu          , Uh          , Qxu         , Qxu         
Qxu         , Qxu         , Qxu         , Qxu         , Uu          , Uu          , Uu          , Uu          , Uu          , Xu          , Xu          , Uu          , Ql          , Ql          , Ql          , Rr          , Ql          , Ql          , Ql          , Ql          , Ql          , Ql          , Xu          , Xu          , Rr          , Rr          , Rr          , Uu          , Uu          , Uh          , Qxu         , Qxu         
Qxu         , Qxu         , Qxu         , Uh          , Uu          , Uu          , Xu          , Xu          , Xu          , Xu          , Uu          , Uu          , Ql          , Ql          , Ql          , Ql          , Ql          , Ql          , Ql          , Ql          , Ql          , Ql          , Ql          , Xu          , Xu          , Rr          , Rr          , Chr         , Uu          , Uh          , Qxu         , Qxu         
Qxu         , Qxu         , Qxu         , Uu          , Uu          , Uu          , Xu          , Uu^Uf       , Uu          , Uu          , Ql          , Ql          , Ql          , Ql          , Ql          , Ql          , Ql          , Ql          , Ql          , Ql          , Ql          , Ql          , Ql          , Xu          , Xu          , Rr          , Rr          , Khr         , Uu          , Uh          , Qxu         , Qxu         
Qxu         , Qxu         , Qxu         , Uu          , Uu          , Xu          , Uu          , Uu          , Uu          , Uu          , Uu          , Ql          , Ql          , Ql          , Ql          , Ql          , Ql          , Ql          , Ql          , Ql          , Ql          , Ql          , Xu          , Xu          , Xu          , Rr          , Rr          , Uu          , Uu          , Uh          , Qxu         , Qxu         
Qxu         , Qxu         , Qxu         , Uu          , Uu          , Xu          , Uu          , Qxu         , Qxu         , Uu          , Uu          , Uu          , Uu          , Ql          , Ql          , Ql          , Ql          , Ql          , Ql          , Ql          , Xu          , Xu          , Xu          , Xu          , Rr          , Rr          , Rr          , Uu          , Uu          , Uh          , Qxu         , Qxu         
Qxu         , Qxu         , Qxu         , Uu          , Uu          , Uu          , Uu          , Qxu         , Qxu         , Qxu         , Qxu         , Uu          , Uu          , Ql          , Ql          , Ql          , Ql          , Ql          , Xu          , Xu          , Xu          , Xu          , Rr          , Rr          , Rr          , Rr          , Uu          , Uu          , Uh          , Uh          , Qxu         , Qxu         
Xu          , Xu          , Qxu         , Uu          , Uh          , Uu          , Uu          , Uu          , Qxu         , Qxu         , Qxu         , Uu          , Uu          , Ql          , Ql          , Ql          , Xu          , Xu          , Xu          , Xu          , Rr          , Rr          , Rr          , Rr          , Uu          , Uu          , Uh          , Uh          , Qxu         , Qxu         , Qxu         , Qxu         
Xu          , Xu          , Xu          , Uu          , Uu          , Uu          , Uu          , Qxu         , Qxu         , Qxu         , Xu          , Uu^Uf       , Uh          , Uu^Uf       , Xu          , Xu          , Xu          , Xu          , Rr          , Rr          , Rr          , Rr          , Uu          , Uu          , Uh          , Uh          , Qxu         , Qxu         , Qxu         , Qxu         , Qxu         , Qxu         
Xu          , Xu          , Xu          , Uu          , Xu          , Uu          , Khr         , Uu          , Uu          , Qxu         , Qxu         , Xu          , Uh          , Xu          , Xu          , Xu          , Rr          , Rr          , Rr          , Rr          , Uu          , Uu          , Uh          , Uh          , Qxu         , Qxu         , Qxu         , Qxu         , Qxu         , Qxu         , Qxu         , Qxu         
Xu          , Xu          , Xu          , Uu          , Xu          , Xu          , Xu          , Chr         , Uu          , Uu          , Uu          , Uu          , Uu          , Uu          , Rr          , Rr          , Rr          , Rr          , Uh          , Uu          , Qxu         , Qxu         , Qxu         , Qxu         , Qxu         , Qxu         , Qxu         , Qxu         , Qxu         , Qxu         , Qxu         , Qxu         
Xu          , Xu          , Khr         , Uu^Vud      , Uu          , Xu          , Uu          , Xu          , Xu          , Uu          , Uu          , Uu          , Uu          , Cud         , Rr          , Rr          , Rr          , Qxu         , Qxu         , Qxu         , Uh          , Qxu         , Qxu         , Qxu         , Qxu         , Qxu         , Xu          , Xu          , Xu          , Qxu         , Xu          , Qxu         
Xu          , Xu          , Chr         , Chr         , Rr          , Uu          , Rr          , Uu          , Uu          , Xu          , Xu          , Uu          , Rr          , Rr          , Rr          , Rr          , Rr          , Rr          , Rr          , Xu          , Rr          , Xu          , Xu          , Xu          , Xu          , Xu          , Xu          , Xu          , Xu          , Xu          , Xu          , Xu          
Xu          , Xu          , Uu          , Rr          , Rr          , Rr          , Rr          , Rr          , Rr          , Uu          , Uu          , Uu          , Uu          , Rr          , Rr          , Rr          , Rr          , Rr          , Rr          , Rr          , Rr          , Rr          , Rr          , Rr          , Rr          , Rr          , Rr          , Rr          , Rr          , Xu          , Xu          , Xu          
Xu          , Xu          , Xu          , Uu          , Uu          , Rr          , Rr          , Rr          , Rr          , Rr          , Uu          , Uh          , Xu          , Uu          , Uu          , Uu          , Uu          , Uu          , Uu          , Uu          , Uh          , Uu          , Uu          , Uu          , Uu          , Uu          , Uu          , Uu          , Rr          , Cud         , Xu          , Xu          
Xu          , Xu          , Xu          , Xu          , Uu          , Rr          , Uu          , Uu          , Uu          , Uu          , Uu          , Uu          , Xu          , Uh          , Xu          , Uh          , Xu          , Xu          , Xu          , Xu          , Xu          , Xu          , Xu          , Xu          , Xu          , Xu          , Cud         , Cud         , Uu          , Rr          , Xu          , Xu          
Xu          , Xu          , Xu          , Xu          , Xu          , Uu          , Xu          , Xu          , Uh          , Chr         , Uh          , Xu          , Xu          , Xu          , Uu          , Xu          , Uu          , Uu          , Uu          , Uu          , Uu          , Uu          , Uu          , Uu          , Uu          , Uu          , Uu          , Uu          , Rr          , Rr          , Xu          , Xu          
Xu          , Xu          , Xu          , Xu          , Xu          , Xu          , Xu          , Xu          , Uu          , Uu          , Uu          , Uu          , Uu          , Uu          , Uu          , Uu          , Uu          , Uu          , Rr          , Uu          , Rr          , Rr          , Rr          , Rr          , Rr          , Rr          , Rr          , Rr          , Uu          , Uu          , Xu          , Xu          
Xu          , Xu          , Xu          , Xu          , Xu          , Xu          , Xu          , Uu          , Uu          , Uu          , Rr          , Uu          , Rr          , Rr          , Rr          , Uu          , Rr          , Rr          , Uu          , Rr          , Uu          , Rr          , Rr          , Rr          , Uu          , Rr          , Uu          , Uu          , Xu          , Xu          , Xu          , Xu          
Ql          , Ql          , Ql          , Xu          , Xu          , Xu          , Xu          , Uu          , Uu          , Uu          , Rr          , Rr          , Rr          , Rr          , Rr          , Rr          , Uu          , Uu          , Uu          , Uu          , Uu          , Uu          , Uu          , Uu          , Uu          , Uu          , Uu          , Xu          , Xu          , Xu          , Xu          , Xu          
Ql          , Ql          , Ql          , Ql          , Ql          , Ql          , Ql          , Uu          , Ql          , Uu          , Ql          , Rr          , Rr          , Rr          , Rr          , Rr          , Ql          , Ql          , Ql          , Ql          , Ql          , Ql          , Ql          , Ql          , Ql          , Uu          , Ql          , Xu          , Ql          , Ql          , Ql          , Xu          
Xu          , Ql          , Xu          , Ql          , Ql          , Ql          , Ql          , Ql          , Ql          , Ql          , Ql          , Ql          , Rr          , Rr          , Kud         , Rr          , Ql          , Ql          , Ql          , Ql          , Ql          , Ql          , Ql          , Ql          , Ql          , Ql          , Ql          , Ql          , Ql          , Ql          , Ql          , Ql          
Xu          , Xu          , Xu          , Xu          , Xu          , Xu          , Xu          , Ql          , Uu          , Ql          , Uu          , Cud         , Rr          , Rr          , Cud         , Cud         , Uu          , Uh          , Uu          , Xu          , Xu          , Ql          , Xu          , Xu          , Xu          , Ql          , Xu          , Ql          , Xu          , Ql          , Ql          , Ql          
Xu          , Xu          , Xu          , Xu          , Xu          , Xu          , Xu          , Xu          , Uu          , Uu          , Uu          , Uu          , Rr          , Rr          , Rr          , Uu          , Uu          , Uu          , Uu          , Uu          , Xu          , Xu          , Xu          , Xu          , Xu          , Xu          , Xu          , Xu          , Xu          , Xu          , Xu          , Xu          
Xu          , Xu          , Xu          , Xu          , Xu          , Xu          , Xu          , Xu          , Uu          , Uu          , Uu          , Rr          , Rr          , Rr          , Rr          , Rr          , Rr          , Uu          , Uh          , Uh          , Uh          , Uh          , Uu          , Uu          , Uh          , Xu          , Xu          , Xu          , Xu          , Xu          , Xu          , Xu          
Xu          , Xu          , Xu          , Xu          , Xu          , Xu          , Xu          , Xu          , Uu          , Uu          , Rr          , Uu          , Uu          , Rr          , Uu          , Rr          , Uu          , Rr          , Rr          , Rr          , Rr          , Uu          , Rr          , Uu          , Uu          , Uh          , Uh          , Xu          , Xu          , Xu          , Xu          , Xu          
Xu          , Xu          , Re^Uf       , Xu          , Uu^Vu       , Xu          , Xu          , Uu          , Rr          , Rr          , Uu          , Uu          , Uu          , Uu          , Uu          , Uu          , Uu          , Uu          , Uu          , Rr          , Rr          , Rr          , Rr          , Rr          , Rr          , Uu          , Rr          , Uh          , Uh          , Uh          , Xu          , Xu          
Xu          , Xu          , Re^Uf       , Uu          , Uu          , Uu          , Uu          , Uu          , Rr          , Uu          , Xu          , Uu          , Xu          , Uu          , Xu          , Uu          , Uu          , Uu          , Uu          , Uu          , Uu          , Rr          , Uu          , Rr          , Rr          , Rr          , Rr          , Rr          , Rr          , Uh          , Xu          , Xu          
Xu          , Xu          , Ww          , Re          , Re^Uf       , Uu          , Rp          , Uu          , Uu          , Uu          , Xu          , Xu          , Xu          , Xu          , Xu          , Xu          , Xu          , Xu          , Xu          , Xu          , Xu          , Uu          , Uu          , Uu          , Uu          , Rr          , Uu          , Rr          , Rr          , Rr          , Xu          , Xu          
Xu          , Xu          , Wo          , Ww          , Ww          , Re          , Uu          , Uu          , Uu          , Uu^Vud      , Xu          , Xu          , Xu          , Xu          , Xu          , Xu          , Xu          , Xu          , Xu          , Xu          , Uu          , Uu          , Uu          , Uu          , Rr          , Rr          , Rr          , Uu          , Uu          , Uu          , Xu          , Xu          
Wo          , Wo          , Wo          , Ww          , Ww          , Re          , Uu          , Uu^Uf       , Uu          , Uu          , Xu          , Xu          , Xu          , Xu          , Xu          , Xu          , Uu          , Uu^Vu       , Uu          , Uu          , Uu          , Uu          , Rr          , Rr          , Rr          , Rr          , Uu          , Uu          , Uh          , Uu          , Xu          , Xu          
Wo          , Wo          , Wo          , Ww          , Ww          , Re          , Uu          , Uu          , Uu          , Uu^Vu       , Xu          , Xu          , Xu          , Xu          , Uu          , Uu          , Uu          , Uu          , Rr          , Uu          , Rr          , Rr          , Uu          , Rr          , Uu          , Uu          , Uu          , Uu          , Ql          , Xu          , Qlf         , Qlf         
Wo          , Wo          , Ww          , Ww          , Re^Uf       , Re          , Uu          , Uu          , Xu          , Xu          , Uu          , Xu          , Rr          , Uu          , Uu          , Uu          , Rr          , Rr          , Rr          , Rr          , Uu          , Uu          , Uu          , Uu          , Uu          , Uu          , Ql          , Ql          , Qlf         , Qlf         , Qlf         , Qlf         
Xu          , Xu          , Re          , Re          , Uu          , Uu          , Uu^Vud      , Xu          , Uu^Uf       , Uu          , Uu          , Rr          , Rr          , Uu          , Rr          , Rr          , Uu          , Cud         , Uu          , Uu          , Uu          , Uu          , Uu          , Uu          , Uh          , Uh          , Ql          , Ql          , Xu          , Xu          , Xu          , Xu          
Xu          , Xu          , Uu          , Khr         , Chr         , Uu          , Xu          , Xu          , Uu          , Uu          , Rr          , Rr          , Rr          , Rr          , Uu          , Uu          , Uu          , Uu          , Uu          , Uu          , Uu          , Uu          , Uu          , Uh          , Ql          , Ql          , Xu          , Xu          , Xu          , Xu          , Xu          , Xu          
Xu          , Xu          , Uu^Vud      , Uu          , Uu          , Uu          , Uh          , Uu          , Uu          , Rr          , Rr          , Rr          , Uu          , Uu          , Uu^Uf       , Uu          , Uu          , Uu          , Uh          , Uu          , Uu          , Uu          , Ql          , Ql          , Xu          , Xu          , Xu          , Xu          , Qxu         , Xu          , Qxu         , Xu          
Xu          , Xu          , Xu          , Uu          , Uu^Vu       , Uu          , Uh          , Uu          , Uu          , Uu          , Rr          , Rr          , Uu          , Uu          , Uu          , Uu          , Uu          , Uh          , Uu          , Uu          , Qxu         , Uu          , Ql          , Xu          , Qxu         , Qxu         , Qxu         , Qxu         , Qxu         , Qxu         , Qxu         , _off^_usr   
Xu          , Xu          , Xu          , Xu          , Xu          , Xu          , Uu          , Uu          , Uu          , Rr          , Rr          , Uu          , Uh          , Uu          , Qxu         , Qxu         , Qxu         , Uh          , Qxu         , Qxu         , Qxu         , Qxu         , Qxu         , Qxu         , Qxu         , Qxu         , Qxu         , Qxu         , Qxu         , Qxu         , Qxu         , _off^_usr   
Qxu         , Qxu         , Qxu         , Xu          , Qxu         , Xu          , Qxu         , Uu          , 4 Cud       , Rr          , Rr          , Uu          , Qxu         , Qxu         , Qxu         , Qxu         , Qxu         , Qxu         , Qxu         , Qxu         , Qxu         , Qxu         , Xu          , Qxu         , Xu          , Xu          , Xu          , Xu          , Xu          , Qxu         , Xu          , Xu          
Qxu         , Qxu         , Qxu         , Qxu         , Qxu         , Qxu         , Qxu         , Qxu         , Rr          , Rr          , Rr          , Qxu         , Qxu         , Qxu         , Qxu         , Qxu         , Qxu         , Qxu         , Qxu         , Qxu         , Xu          , Xu          , Xu          , Xu          , Xu          , Xu          , Xu          , Xu          , Xu          , Xu          , Xu          , Xu          
Qxu         , Qxu         , Qxu         , Qxu         , Qxu         , Qxu         , Uu          , Qxu         , Rr          , Rr          , Rr          , Cud         , Uu          , Uu          , Uu          , Uu          , Xu          , Xu          , Xu          , Xu          , Xu          , Xu          , Uu          , Uu          , Uu^Uf       , Uh          , Uh          , Xu          , Xu          , Xu          , Xu          , Xu          
Qxu         , Qxu         , Qxu         , Qxu         , Uu          , Uu          , Uu          , Uu          , Uu          , Rr          , Rr          , Uu          , Uu          , Uu          , Uu          , Uu^Uf       , Xu          , Xu          , Xu          , Xu          , Uu          , Uu          , Rr          , Rr          , Rr          , Rr          , Rr          , Uu          , Xu          , Xu          , Xu          , Xu          
Qxu         , Qxu         , Uu          , Uu          , Uu^Uf       , Uu          , Uu          , Uu          , Cud         , Rr          , Rr          , Rr          , Rr          , Uu          , Uu          , Uu^Uf       , Uu          , Xu          , Xu          , Xu          , Uh          , Uu          , Uu          , Rr          , Rr          , Rr          , Rr          , Uu          , Xu          , Xu          , Xu          , Xu          
Qxu         , Qxu         , Uu          , Uu          , Uu          , Uu          , Uu          , Cud         , 3 Kud       , Cud         , Rr          , Rr          , Rr          , Uu          , Uu          , Uu          , Uu          , Uu          , Uu          , Xu          , Xu          , Uu          , Rr          , Rr          , Rr          , Rr          , Rr          , Uu          , Xu          , Xu          , Xu          , Xu          
Xu          , Qxu         , Uu          , Uu          , Uu          , Uu          , Uu          , Cud         , Cud         , Cud         , Uu          , Rr          , Rr          , Rr          , Uu          , Uu          , Uu          , Uu          , Rr          , Rr          , Rr          , Rr          , Xu          , Rr          , Uu          , Rr          , Uh          , Uu          , Uu          , Xu          , Xu          , Xu          
Xu          , Qxu         , Xu          , Uu          , Xu          , Uu          , Uu          , Uu          , Uu          , Uu          , Uu          , Rr          , Rr          , Rr          , Rr          , Rr          , Rr          , Rr          , Uu          , Rr          , Rr          , Xu          , Xu          , Uu          , Xu          , Uu^Uf       , Xu          , Xu          , Xu          , Xu          , Xu          , Xu          
Xu          , Xu          , Xu          , Xu          , Xu          , Uu^Vu       , Uu          , Uu          , Uu          , Uu          , Uu          , Uu^Vu       , Uu          , Rr          , Rr          , Uu          , Uu          , Uu          , Uu          , Uu          , Uu          , Xu          , Xu          , Xu          , Xu          , Xu          , Xu          , Xu          , Xu          , Xu          , Xu          , Xu          
Xu          , Xu          , Xu          , Xu          , Cud         , Uu          , Uu          , Uu          , Uu          , Uu          , Uu          , Uu          , Rr          , Rr          , Rr          , Uu          , Uu          , Uu          , Uu          , Uu          , Uu          , Xu          , Xu          , Xu          , Xu          , Xu          , Uu^Vu       , Xu          , Uu          , Uu^Vu       , Xu          , Xu          
Xu          , Xu          , Uu^Vud      , Xu          , Uu          , Cud         , Cud         , Cud         , Uu          , Uu          , Rr          , Rr          , Rr          , Rr          , Rr          , Uu          , Uu          , Uu          , Uu          , Uu          , Uu          , Uu^Vu       , Xu          , Uu^Vu       , Uu          , Uu          , Rr          , Uu          , Uu          , Uu          , Xu          , Xu          
Xu          , Xu          , Uu          , Uu          , Uu          , Uu          , Uu          , Cud         , Rr          , Rr          , Rr          , Rr          , Rr          , Rr          , Uu          , Uu          , Xu          , Uu          , Uu^Vu       , Uu          , Xu          , Xu          , Xu          , Uu          , Uu          , Uu^Uf       , Rr          , Uu          , Uu^Uf       , Uu          , Xu          , Xu          
Xu          , Xu          , Uu^Vud      , Uu          , Uu          , Uu          , Rr          , Rr          , Rr          , Rr          , Cud         , Rr          , Uh          , Uh          , Xu          , Xu          , Xu          , Xu          , Xu          , Xu          , Xu          , Xu          , Xu          , Xu          , Uu^Vu       , Uu          , Rr          , Uu          , Uu          , Uu^Vu       , Xu          , Xu          
Xu          , Xu          , Uu          , Uu          , Uu          , Rr          , Rr          , Rr          , Uu          , Uu          , Uu          , Xu          , Xu          , Xu          , Xu          , Xu          , Xu          , Xu          , Xu          , Xu          , Xu          , Xu          , Xu          , Xu          , Xu          , Uu          , Rr          , Uu          , Uu          , Uu          , Xu          , Xu          
Xu          , Xu          , Uu          , Uu          , Rr          , Rr          , Rr          , Uu          , Uu          , Uu^Uf       , Uu          , Uu          , Uu          , Xu          , Uu          , Xu          , Rr          , Uu          , Uu          , Cud         , Uu          , Uu          , Uu          , Uu          , Uu          , Uu          , Rr          , Uu          , Uu          , Uu          , Xu          , Xu          
Xu          , Xu          , Xu          , Uu^Uf       , Rr          , Rr          , Rr          , Rr          , Rr          , Uu          , Rr          , Uu          , Rr          , Uu          , Rr          , Rr          , Rr          , Rr          , Rr          , Cud         , Rr          , Uu          , Uu          , Uu          , Rr          , Uu          , Rr          , Uu          , Uu          , Uu          , Xu          , Xu          
Xu          , Xu          , Xu          , Uu^Uf       , Uu          , Rr          , Uu          , Rr          , Rr          , Rr          , Rr          , Rr          , Rr          , Rr          , Rr          , Rr          , Rr          , Rr          , Rr          , Rr          , Rr          , Rr          , Rr          , Rr          , Rr          , Rr          , Rr          , Rr          , Uu          , Uu          , Xu          , Xu          
Xu          , Xu          , Xu          , Uu^Uf       , Xu          , Uu          , Uu          , Uu          , Uu          , Rr          , Rr          , Rr          , Rr          , Rr          , Uu          , Rr          , Uu          , Uu          , Uu          , Cud         , Uu          , Uu          , Uu          , Uu^Uf       , Uu^Uf       , Rr          , Rr          , Rr          , Uu          , Uu          , Xu          , Xu          
Xu          , Xu          , Xu          , Xu          , Xu          , Xu          , Xu          , Uu          , Xu          , Uu          , Uu          , Uu^Vu       , Xu          , Uu          , Xu          , Uu          , Uu          , Uu          , Uu          , Cud         , Uu          , Uu          , Xu          , Xu          , Xu          , Rr          , Rr          , Rr          , Rr          , Uu          , Xu          , Xu          
Xu          , Xu          , Xu          , Xu          , Xu          , Xu          , Xu          , Xu          , Xu          , Xu          , Xu          , Xu          , Xu          , Xu          , Xu          , Xu          , Xu          , Xu          , Xu          , Xu          , Xu          , Xu          , Xu          , Xu          , Uu          , Uu          , Rr          , Rr          , Rr          , Rr          , Xu          , Xu          
Xu          , Xu          , Xu          , Xu          , Xu          , Xu          , Xu          , Xu          , Xu          , Xu          , Xu          , Xu          , Uu^Vud      , Xu          , Uu          , Xu          , Uu^Vud      , Xu          , Uu          , Xu          , Uu          , Xu          , Uu          , Uu          , Uu          , Uu          , Rr          , Rr          , Rr          , Rr          , Xu          , Xu          
Xu          , Xu          , Xu          , Xu          , Xu          , Xu          , Xu          , Xu          , Xu          , Uu^Vud      , Uu          , Uu          , Uu^Uf       , Uu          , Uu          , Uu          , Uu          , Uu          , Uu          , Uu          , Uu          , Uu          , Uu          , Cud         , Rr          , Rr          , Rr          , Rr          , Xu          , Xu          , Xu          , Xu          
Xu          , Xu          , Xu          , Xu          , Xu          , Xu          , Xu          , Xu          , Xu          , Uu          , Uu          , Uu          , Uu          , Uu          , Rr          , Uu          , Uu          , Uu          , Uu          , Uu          , Uu          , Uu          , Rr          , Rr          , Rr          , Rr          , Xu          , Xu          , Xu          , Xu          , Xu          , Xu          
Xu          , Xu          , Xu          , Xu          , Xu          , Xu          , Xu          , Xu          , Xu          , Xu          , Uu^Vud      , Uu          , Uu          , Rr          , Rr          , Uu          , Uu          , Uu          , Uu          , Uu          , Rr          , Rr          , Rr          , Rr          , Xu          , Xu          , Xu          , Xu          , Xu          , Xu          , Xu          , Xu          
Xu          , Xu          , Xu          , Xu          , Xu          , Xu          , Xu          , Xu          , Xu          , Xu          , Xu          , Uu          , Uu          , Uu          , Uu          , Rr          , Rr          , Rr          , Rr          , Rr          , Rr          , Rr          , Uu          , Cud         , Xu          , Xu          , Uu^Vu       , Xu          , Xu          , Xu          , Xu          , Xu          
Xu          , Xu          , Xu          , Xu          , Xu          , Uu^Vu       , Uu          , Xu          , Xu          , Xu          , Xu          , Xu          , Uu          , Uu          , Uu          , Rr          , Rr          , Rr          , Rr          , Rr          , Uu          , Uu          , Uu          , Uu          , Xu          , Xu          , Uu          , Uu          , Uu          , Xu          , Xu          , Xu          
Xu          , Xu          , Xu          , Xu          , Uu          , Uu          , Uu          , Uu          , Uu          , Xu          , Uu          , Xu          , Uu          , Uu          , Rr          , Rr          , Rr          , Rr          , Uu          , Uu          , Uu          , Uu          , Re^Uf       , Uu          , Uu          , Uu          , Uu          , Uu          , Uu          , Uu          , Xu          , Xu          
Xu          , Xu          , Xu          , Uu^Vu       , Uu          , Uu          , Cud         , Uu          , Uu          , Uu          , Uu          , Uu          , Rr          , Rr          , Rr          , Rr          , Rr          , Cud         , Uu          , Uu          , Uu          , Uu          , Re          , Uu          , Uu          , Uu          , Uu^Vu       , Uu          , Uu          , Uu          , Xu          , Xu          
Xu          , Xu          , Xu          , Uu          , Uu          , Uu          , Uu          , Uu          , Uu          , Uu          , Rr          , Rr          , Rr          , Rr          , Rr          , Rr          , Xu          , Uu          , Uu          , Uu          , Uu          , Uu          , Uu          , Re          , Re          , Uu          , Xu          , Xu          , Uu          , Uu          , Xu          , Xu          
Xu          , Xu          , Uu^Vu       , Uu          , Uu          , Uu          , Uu          , Uu          , Rr          , Rr          , Rr          , Rr          , Rr          , Rr          , Uu          , Rr          , Cud         , Xu          , Xu          , Xu          , Xu          , Xu          , Uu          , Uu          , Re^Uf       , Uu          , Uu          , Uu          , Uu          , Uu          , Xu          , Xu          
Xu          , Xu          , Xu          , Uu          , Uu          , Uu          , Rr          , Rr          , Rr          , Rr          , Rr          , Rr          , Uh          , Uh          , Uu          , Rr          , Uu          , Xu          , Xu          , Xu          , Xu          , Xu          , Uu          , Uu          , Uu          , Re          , Uu          , Uu          , Uu          , Uu          , Xu          , Xu          
Xu          , Xu          , Xu          , Uu          , Rr          , Rr          , Rr          , Rr          , Rr          , Rr          , Xu          , Xu          , Cud         , Uh          , Uu          , Rr          , Uu          , Uu          , Cud         , Xu          , Xu          , Xu          , Xu          , Uu          , Uu          , Re          , Re          , Uu          , Uu          , Uu          , Xu          , Xu          
Xu          , Xu          , Cud         , Rr          , Rr          , Rr          , Rr          , Xu          , Xu          , Xu          , Xu          , Xu          , Rr          , Rr          , Rr          , Rr          , Rr          , Rr          , Uu          , Xu          , Xu          , Xu          , Xu          , Uu          , Uu          , Uu          , Uu          , Uu          , Uu          , Uu          , Xu          , Xu          
Xu          , Xu          , Rr          , Rr          , Rr          , Rr          , Rr          , Xu          , Xu          , Rr          , Rr          , Rr          , Rr          , Rr          , Rr          , Rr          , Rr          , Uu^Uf       , Uu^Vud      , Uu          , Uh          , Xu          , Xu          , Uu          , Uu          , Uu          , Ce          , Ce          , Ce          , Uu          , Xu          , Xu          
Xu          , Xu          , Rr          , Rr          , Ce          , Ce          , Ce          , Xu          , Xu          , Uu^Uf       , Uu^Uf       , Rr          , Rr          , Rr          , Uu^Vud      , Rr          , Rr          , Rr          , Rr          , Uu          , Uh          , Xu          , Xu          , Uu          , Uu          , Uu          , Uu          , Ce          , 2 Ke        , Uu          , Xu          , Xu          
Xu          , Xu          , Rr          , Rr          , Ce          , 1 Ke        , Ce          , Xu          , Xu          , Uu^Vud      , Uu^Uf       , Uu          , Rr          , Rr          , Uu          , Uu          , Rr          , Rr          , Uh          , Rr          , Uh          , Xu          , Xu          , Xu          , Uu          , Uu          , Re          , Uu          , Uu          , Uu          , Xu          , Xu          
Xu          , Xu          , Cud         , Rr          , Rr          , Ce          , Rr          , Xu          , Xu          , Uu^Uf       , Uu          , Uu^Uf       , Rr          , Rr          , Rr          , Rr          , Rr          , Uh          , Rr          , Uh          , Ql          , Uh          , Xu          , Xu          , Uu          , Uu          , Re          , Uu          , Uu          , Uu          , Xu          , Xu          
Xu          , Xu          , Xu          , Rr          , Rr          , Rr          , Rr          , Xu          , Xu          , Xu          , Xu          , Rr          , Uu^Vud      , Rr          , Uu^Vud      , Rr          , Uu^Vud      , Rr          , Uh          , Uh          , Uh          , Uh          , Xu          , Xu          , Uu          , Uu          , Re          , Uu          , Uu          , Uu          , Xu          , Xu          
Xu          , Xu          , Xu          , Rr          , Rr          , Rr          , Rr          , Xu          , Xu          , Xu          , Xu          , Xu          , Xu          , Xu          , Xu          , Xu          , Xu          , Xu          , Xu          , Xu          , Xu          , Xu          , Xu          , Uu          , Uu          , Uu          , Re          , Re          , Uu          , Uu          , Xu          , Xu          
Xu          , Xu          , Xu          , Xu          , Rr          , Rr          , Rr          , Rr          , Rr          , Xu          , Xu          , Xu          , Xu          , Xu          , Xu          , Xu          , Xu          , Xu          , Xu          , Xu          , Xu          , Xu          , Xu          , Xu          , Uu          , Uu          , Re          , Re          , Uu          , Xu          , Xu          , Xu          
