border_size=1
usage=map

Xu          , Xu          , Xu          , Xu          , Qlf         , Qlf         , Qlf         , Qlf         , Qlf         , Qlf         , Uu          , Uu          , Uu          , Uu          , Uu          , Uu          , Uu          , Uu          , Uu          , Qlf         , Qlf         , Qlf         , Qlf         , Qlf         , Qlf         , Qlf         , Qlf         , Qlf         , Qlf         , Qlf         , Qlf         , Qlf         , Qlf         , Qlf         , Qlf         , Qlf         , Qlf         , Qlf         , Qlf         , Qlf         , Qlf         , Qlf         
Xu          , Xu          , Xu          , Xu          , Qlf         , Qlf         , Qlf         , Qlf         , Qlf         , Qlf         , Ql          , Uu          , Uu          , Uu          , Uu          , Uu          , Uu          , Uu          , Ql          , Ql          , Ql          , Ql          , Ql          , Ql          , Ql          , Ql          , Ql          , Qlf         , Ql          , Ql          , Ql          , Ql          , Ql          , Ql          , Ql          , Qlf         , Ql          , Qlf         , Qlf         , Qlf         , Qlf         , Qlf         
Xu          , Xu          , Xu          , Xu          , Qlf         , Qlf         , Qlf         , Qlf         , Ql          , Ql          , Ql          , Ql          , Ql          , Uu          , Uu          , Uu          , Uu          , Uu          , Ql          , Ql          , Ql          , Ql          , Ql          , Ql          , Ql          , Ql          , Ql          , Ql          , Ql          , Ql          , Ql          , Ql          , Ql          , Ql          , Ql          , Ql          , Ql          , Ql          , Ql          , Qlf         , Qlf         , Qlf         
Xu          , Xu          , Xu          , Xu          , Qlf         , Qlf         , Ql          , Ql          , Ql          , Ql          , Ql          , Ql          , Ql          , Uu          , Uu          , Uu          , Qxu         , Qxu         , Qxu         , Qxu         , Qxu         , Qxu         , Qxu         , Qxu         , Qxu         , Qxu         , Qxu         , Qxu         , Qxu         , Qxu         , Qxu         , Qxu         , Qxu         , Ql          , Ql          , Ql          , Ql          , Ql          , Ql          , Qlf         , Qlf         , Qlf         
Xu          , Xu          , Xu          , Xu          , Ql          , Ql          , Ql          , Ql          , Qxu         , Ql          , Ql          , Ql          , Qxu         , Uu          , Qxu         , Qxu         , Qxu         , Qxu         , Qxu         , Qxu         , Qxu         , Qxu         , Qxu         , Qxu         , Qxu         , Qxu         , Qxu         , Qxu         , Qxu         , Qxu         , Qxu         , Qxu         , Qxu         , Qxu         , Qxu         , Ql          , Ql          , Ql          , Ql          , Qlf         , Qlf         , Qlf         
Xu          , Xu          , Xu          , Xu          , Ql          , Ql          , Ql          , Qxu         , Qxu         , Qxu         , Qxu         , Qxu         , Qxu         , Qxu         , Qxu         , Qxu         , Qxu         , Qxu         , Qxu         , Qxu         , Qxu         , Qxu         , Qxu         , Qxu         , Uu          , Qxu         , Qxu         , Qxu         , Qxu         , Qxu         , Qxu         , Qxu         , Qxu         , Qxu         , Qxu         , Qxu         , Qxu         , Ql          , Ql          , Ql          , Qlf         , Qlf         
Xu          , Xu          , Xu          , Xu          , Ql          , Ql          , Qxu         , Qxu         , Qxu         , Qxu         , Qxu         , Qxu         , Qxu         , Qxu         , Uu          , Qxu         , Uu          , Uu          , Uu          , Uu          , Uu          , Uu          , Uu          , Uu          , Uu          , Uu          , Uu          , Uu          , Uu          , Uu          , Uu          , Uu          , Uu          , Qxu         , Qxu         , Qxu         , Qxu         , Ql          , Ql          , Ql          , Qlf         , Qlf         
Xu          , Xu          , Xu          , Xu          , Ql          , Qxu         , Qxu         , Qxu         , Qxu         , Qxu         , Uu          , Uu          , Uu          , Uu          , Uu          , Uu          , Rr          , Uu          , Rr          , Rr          , Rr          , Rr          , Rr          , Rr          , Rr          , Rr          , Rr          , Rr          , Rr          , Rr          , Rr          , Uu          , Uu          , Uu          , Qxu         , Qxu         , Qxu         , Qxu         , Ql          , Ql          , Qlf         , Qlf         
Xu          , Xu          , Xu          , Xu          , Ql          , Qxu         , Qxu         , Qxu         , Uu          , Uu          , Uu          , Uu          , Rr          , Uu          , Rr          , Rr          , Uu          , Rr          , Uu          , Uu          , Qxu         , Qxu         , Qxu         , Qxu         , Qxu         , Qxu         , Xu          , Xu          , Xu          , Rr          , Rr          , Uu          , Uu          , Uu          , Uu          , Qxu         , Qxu         , Qxu         , Ql          , Ql          , Qlf         , Qlf         
Xu          , Xu          , Xu          , Xu          , Ql          , Qxu         , Qxu         , Qxu         , Uu          , Uu          , Rr          , Rr          , Xu          , Rr          , Xu          , Xu          , Xu          , Xu          , Xu          , Xu          , Xu          , Xu          , Xu          , Qxu         , Xu          , Xu          , Xu          , Xu          , Xu          , Uh          , Uh          , Rr          , Rr          , Uu          , Xu          , Qxu         , Qxu         , Qxu         , Ql          , Ql          , Qlf         , Qlf         
Xu          , Xu          , Xu          , Xu          , Xu          , Qxu         , Qxu         , Qxu         , Uu          , Uu          , Rr          , Rr          , Xu          , Xu          , Xu          , Xu          , Xu          , Xu          , Xu          , Xu          , Xu          , Xu          , Cud         , Xu          , Cud         , Xu          , Xu          , Xu          , Xu          , Xu          , Xu          , Uu          , Rr          , Uu          , Xu          , Xu          , Qxu         , Qxu         , Ql          , Ql          , Qlf         , Qlf         
Xu          , Xu          , Xu          , Xu          , Xu          , Qxu         , Qxu         , Qxu         , Uu          , Uu          , Rr          , Xu          , Xu          , Xu          , Xu          , Xu          , Xu          , Xu          , Xu          , Xu          , Xu          , Cud         , Cud         , Cud         , Cud         , Cud         , Xu          , Xu          , Xu          , Xu          , Xu          , Uu          , Rr          , Xu          , Xu          , Xu          , Qxu         , Qxu         , Ql          , Ql          , Qlf         , Qlf         
Xu          , Xu          , Xu          , Xu          , Xu          , Qxu         , Qxu         , Qxu         , Uu          , Rr          , Xu          , Xu          , Xu          , Xu          , Uu          , Uu^Vud      , Uu          , Uu^Vud      , Xu          , Xu          , Xu          , Cud         , Cud         , Cud         , Cud         , Cud         , Xu          , Xu          , Xu          , Xu          , Uu          , Rr          , Rr          , Uu          , Uh          , Xu          , Qxu         , Qxu         , Ql          , Ql          , Qlf         , Qlf         
Xu          , Xu          , Xu          , Xu          , Xu          , Xu          , Qxu         , Qxu         , Uu          , Rr          , Xu          , Xu          , Xu          , Uu^Vud      , Uu          , Uu          , Uu          , Uu          , Uu          , Xu          , Xu          , Xu          , Uh          , Rr          , Uh          , Xu          , Xu          , Xu          , Xu          , Uh          , Uu          , Rr          , Uu          , Uu          , Uh          , Qxu         , Qxu         , Qxu         , Ql          , Ql          , Qlf         , Qlf         
Xu          , Xu          , Xu          , Xu          , Xu          , Xu          , Qxu         , Qxu         , Uu          , Rr          , Xu          , Xu          , Xu          , Uu          , Uu          , Rr          , Rr          , Uu          , Uu          , Xu          , Uh          , Uh          , Rr          , Rr          , Uh          , Xu          , Xu          , Xu          , Uh          , Uh          , Rr          , Rr          , Uu          , Uu          , Uu          , Qxu         , Qxu         , Qxu         , Ql          , Ql          , Qlf         , Qlf         
Xu          , Xu          , Xu          , Xu          , Xu          , Xu          , Qxu         , Qxu         , Uu          , Rr          , Xu          , Xu          , Xu          , Uu          , Uu          , Rr          , Rr          , Uu^Vud      , Uu          , Uu          , Rr          , Rr          , Rr          , Uu          , Uu          , Xu          , Xu          , Uh          , Uu          , Uu          , Rr          , Uu          , Uu          , Uu          , Uu          , Qxu         , Qxu         , Qxu         , Ql          , Ql          , Qlf         , Qlf         
Xu          , Xu          , Xu          , Xu          , Xu          , Xu          , Qxu         , Qxu         , Uu          , Rr          , Xu          , Xu          , Xu          , Uu          , Uu          , Rr          , Rr          , Rr          , Rr          , Rr          , Rr          , Rr          , Uh          , Uh          , Xu          , Xu          , Xu          , Xu          , Uu          , Rr          , Uu          , Uu          , Uh          , Uh          , Uu          , Qxu         , Qxu         , Qxu         , Ql          , Ql          , Qlf         , Qlf         
Xu          , Xu          , Xu          , Xu          , Xu          , Xu          , Qxu         , Qxu         , Uu          , Rr          , Xu          , Xu          , Xu          , Uu          , Uu          , Rr          , Uh          , Rr          , Uh          , Uh          , Uh          , Uh          , Xu          , Xu          , Xu          , Xu          , Xu          , Uu^Vud      , Uh          , Rr          , Uu          , Uh          , Uh          , Uu          , Qxu         , Qxu         , Qxu         , Qxu         , Ql          , Ql          , Qlf         , Qlf         
Uh          , Xu          , Xu          , Xu          , Xu          , Qxu         , Qxu         , Qxu         , Rr          , Rr          , Xu          , Xu          , Xu          , Uh          , Uu          , Rr          , Uh          , Uh          , Xu          , Xu          , Xu          , Xu          , Xu          , Xu          , Qxu         , Qxu         , Uh          , Uh          , Rr          , Rr          , Uu          , Uh          , Uu          , Uu          , Qxu         , Qxu         , Qxu         , Ql          , Ql          , Ql          , Qlf         , Qlf         
Ww          , Uh          , Uh          , Xu          , Xu          , Qxu         , Qxu         , Qxu         , Rr          , Uu          , Uu          , Xu          , Xu          , Uh          , Uh          , Rr          , Uu          , Xu          , Xu          , Xu          , Xu          , Xu          , Xu          , Xu          , Qxu         , Qxu         , Uu          , Uu          , Uu          , Rr          , Uu          , Uu          , Qxu         , Qxu         , Qxu         , Qxu         , Ql          , Ql          , Qlf         , Qlf         , Qlf         , Qlf         
Wwf         , Uh          , Ww          , Uh          , Uh          , Qxu         , Qxu         , Qxu         , Rr          , Uu          , Uu          , Xu          , Xu          , Xu          , Uh          , Rr          , Uu          , Uu          , Uu          , Xu          , Xu          , Uh          , Uh          , Qxu         , Uu          , Uu          , Uu          , Uu          , Rr          , Rr          , Uu          , Uu          , Qxu         , Qxu         , Qxu         , Ql          , Ql          , Ql          , Qlf         , Qlf         , Qlf         , Qlf         
Wwf         , Wwf         , Wwf         , Ww          , Wwf         , Qxu         , Cud         , Qxu         , Rr          , Uu          , Uu          , Xu          , Xu          , Uh          , Uh          , Rr          , Uu          , Uu          , Uu          , Xu          , Xu          , Xu          , Qxu         , Qxu         , Qxu         , Qxu         , Qxu         , Uu          , Uu          , Rr          , Uu          , Uu          , Qxu         , Qxu         , Qxu         , Ql          , Ql          , Ql          , Qlf         , Qlf         , Xu          , Xu          
Uh          , Wwf         , Ww          , Wwf         , Wwf         , Qxu^Bs\     , Cud         , Qxu^Bs/     , Uu          , Rr          , Uu          , Uu          , Uh          , Uh          , Kud         , Cud         , Qxu         , Uu          , Uu          , Xu          , Xu          , Xu          , Qxu         , Qxu         , Qxu         , Qxu         , Qxu         , Uu          , Uu          , Rr          , Uu          , Uu          , Qxu         , Qxu         , Qxu         , Ql          , Qlf         , Qlf         , Xu          , Xu          , Xu          , Xu          
Xu          , Uh          , Uh          , Ww          , Uh          , Qxu         , Qxu         , Qxu         , Uu          , Rr          , Rr          , Uu          , Rr          , Cud         , Cud         , Cud         , Qxu         , Qxu         , Uu          , Uu          , Xu          , Xu          , Xu          , Qxu         , Qxu         , Qxu         , Xu          , Uu          , Cud         , Rr          , Uu          , Uu          , Qxu         , Qxu         , Qxu         , Ql          , Ql          , Ql          , Ql          , Xu          , Xu          , Xu          
Qlf         , Xu          , Qlf         , Uh          , Ql          , Qxu         , Qxu         , Qxu         , Uu          , Uu          , Uu          , Rr          , Rr          , Rr          , Xu          , Qxu         , Xu          , Qxu         , Uu          , Uu          , Xu          , Xu          , Xu          , Xu          , Qxu         , Xu          , Uu^Vu       , Xu          , Rr          , Rr          , Xu          , Xu          , Qxu         , Qxu         , Qxu         , Ql          , Ql          , Ql          , Ql          , Xu          , Xu          , Xu          
Qlf         , Qlf         , Qlf         , Ql          , Ql          , Qxu         , Qxu         , Qxu         , Uu          , Uu          , Uu          , Rr          , Rr          , Uu          , Uu          , Xu          , Xu          , Xu          , Uu          , Uu          , Uh          , Xu          , Xu          , Xu          , Xu          , Qxu         , Uu          , Uu          , Rr          , Uu          , Uu          , Xu          , Qxu         , Qxu         , Qxu         , Ql          , Ql          , Ql          , Xu          , Xu          , Xu          , Xu          
Qlf         , Qlf         , Qlf         , Ql          , Ql          , Qxu         , Qxu         , Qxu         , Qxu         , Uu          , Uu          , Uu          , Uu          , Rr          , Rr          , Uu          , Uu          , Uu          , Uu          , Uu          , Uu          , Uh          , Uh          , Xu          , Xu          , Qxu         , Rr          , Uu          , Rr          , Uu          , Uu          , Uu          , Qxu         , Qxu         , Qxu         , Ql          , Xu          , Xu          , Xu          , Xu          , Xu          , Xu          
Qlf         , Qlf         , Qlf         , Ql          , Ql          , Qxu         , Qxu         , Qxu         , Qxu         , Qxu         , Qxu         , Uu          , Uu          , Uu          , Uu          , Rr          , Cud         , Rr          , Rr          , Uu          , Uu          , Uh          , Uh          , Xu          , Xu          , Qxu         , Rr          , Rr          , Rr          , Rr          , Uu          , Uu          , Qxu         , Qxu         , Ql          , Ql          , Xu          , Xu          , Xu          , Xu          , Xu          , Xu          
Qlf         , Qlf         , Qlf         , Ql          , Ql          , Ql          , Ql          , Qxu         , Qxu         , Qxu         , Qxu         , Qxu         , Qxu         , Uu          , Uu          , Cud         , Kud         , Cud         , Uu          , Rr          , Uu          , Uh          , Xu          , Xu          , Xu          , Xu          , Rr          , Rr          , Rr          , Rr          , Uu          , Qxu         , Qxu         , Qxu         , Ql          , Ql          , Xu          , Xu          , Xu          , Xu          , Xu          , Xu          
Qlf         , Qlf         , Qlf         , Ql          , Ql          , Ql          , Ql          , Ql          , Ql          , Qxu         , Qxu         , Qxu         , Qxu         , Qxu         , Qxu         , Uu          , Uu          , Cud         , Uu          , Rr          , Uu          , Xu          , Xu          , Xu          , Uu          , Uu          , Rr          , Rr          , Rr          , Uu          , Uu          , Qxu         , Qxu         , Qxu         , Ql          , Xu          , Xu          , Xu          , Xu          , Xu          , Xu          , Xu          
Qlf         , Qlf         , Qlf         , Ql          , Ql          , Ql          , Ql          , Ql          , Ql          , Ql          , Ql          , Qxu         , Qxu         , Qxu         , Qxu         , Qxu         , Qxu         , Uu          , Uu^Vud      , Rr          , Uu^Vud      , Xu          , Xu          , Xu          , Cud         , Uu          , Rr          , Rr          , Rr          , Uu          , Cud         , Qxu         , Qxu         , Qxu         , Xu          , Xu          , Xu          , Xu          , Xu          , Xu          , Xu          , Xu          
Qlf         , Qlf         , Qlf         , Qlf         , Qlf         , Qlf         , Qlf         , Ql          , Ql          , Ql          , Ql          , Ql          , Ql          , Qxu         , Qxu         , Qxu         , Qxu         , Uu          , Uu^Vud      , Rr          , Uu^Vud      , Uu^Vud      , Xu          , Xu          , Xu          , Cud         , Uu          , Rr          , Uu          , Cud         , Cud         , Qxu         , Qxu         , Qxu         , Xu          , Xu          , Xu          , Xu          , Xu          , Xu          , Xu          , Xu          
Qlf         , Qlf         , Qlf         , Qlf         , Qlf         , Qlf         , Qlf         , Qlf         , Qlf         , Qlf         , Qlf         , Ql          , Ql          , Ql          , Xu          , Qxu         , Xu          , Uu          , Uu^Vud      , Rr          , Xu          , Xu          , Xu          , Xu          , Xu          , Cud         , Uu          , Rr          , Uu          , Cud         , Xu          , Cud         , Xu          , Xu          , Xu          , Xu          , Xu          , Xu          , Xu          , Xu          , Xu          , Xu          
Qlf         , Qlf         , Qlf         , Qlf         , Qlf         , Qlf         , Xu          , Qlf         , Xu          , Qlf         , Xu          , Qlf         , Xu          , Xu          , Xu          , Xu          , Xu          , Xu          , Xu          , Xu          , Xu          , Xu          , Xu          , Xu          , Uu          , Uu          , Rr          , Rr          , Xu          , Xu          , Xu          , Xu          , Xu          , Xu          , Xu          , Xu          , Xu          , Xu          , Xu          , Xu          , Xu          , Xu          
Xu          , Qlf         , Xu          , Xu          , Xu          , Xu          , Xu          , Xu          , Xu          , Xu          , Xu          , Xu          , Xu          , Xu          , Xu          , Xu          , Xu          , Xu          , Xu          , Xu          , Xu          , Xu          , Uu^Vud      , Uu          , Uu          , Uu          , Rr          , Uu          , Xu          , Xu          , Xu          , Xu          , Xu          , Xu          , Xu          , Xu          , Xu          , Xu          , Xu          , Xu          , Xu          , Xu          
Xu          , Xu          , Xu          , Xu          , Xu          , Xu          , Xu          , Xu          , Xu          , Xu          , Xu          , Xu          , Xu          , Xu          , Uh          , Xu          , Xu          , Xu          , Xu          , Xu          , Xu          , Xu          , Uu          , Uu          , Rr          , Rr          , Uu          , Uu          , Xu          , Xu          , Xu          , Xu          , Xu          , Xu          , Uu          , Xu          , Cud         , Xu          , Xu          , Xu          , Xu          , Xu          
Xu          , Xu          , Xu          , Xu          , Uh          , Xu          , Uu          , Uu^Vud      , Uu          , Cud         , Uu          , Uu          , Uu          , Uh          , Uh          , Uh          , Uh          , Xu          , Xu          , Xu          , Uu          , Uu          , Rr          , Rr          , Uu          , Uu          , Xu          , Xu          , Xu          , Xu          , Xu          , Uh          , Uu          , Uu          , Rr          , Rr          , Rr          , Rr          , Rr          , Xu          , Xu          , Xu          
Xu          , Xu          , Uh          , Uh          , Rr          , Uu          , Rr          , Uu          , Rr          , Uu          , Uu          , Uu          , Uu          , Uu          , Uu          , Uh          , Uh          , Xu          , Xu          , Xu          , Uu          , Rr          , Uu          , Uu          , Uu          , Uu          , Xu          , Xu          , Xu          , Xu          , Uh          , Uu          , Rr          , Rr          , Uu          , Uu^Vud      , Uu          , Rr          , Rr          , Xu          , Xu          , Xu          
Xu          , Uh          , Uu          , Uu          , Rr          , Rr          , Uu          , Rr          , Uu          , Rr          , Rr          , Rr          , Rr          , Rr          , Rr          , Uu          , Uu          , Uh          , Uu          , Cud         , Rr          , Rr          , Uu          , Uu          , Xu          , Xu          , Xu          , Xu          , Uh          , Uh          , Rr          , Rr          , Uu          , Uu          , Cud         , Uu          , Uu          , Uu          , Rr          , Xu          , Xu          , Xu          
Xu          , Uu          , Rr          , Rr          , Uu          , Uu          , Uu          , Uu          , Uu          , Cud         , Uu          , Uu          , Uu          , Uu          , Uu          , Rr          , Rr          , Uu          , Rr          , Rr          , Cud         , Uu          , Uu          , Uu          , Xu          , Xu          , Xu          , Xu          , Uh          , Rr          , Rr          , Uu          , Xu          , Xu          , Xu          , Uu          , Uu          , Uu          , Rr          , Xu          , Xu          , Xu          
Xu          , Xu          , Rr          , Uu          , Uh          , Uu          , Xu          , Xu          , Xu          , Xu          , Xu          , Uu          , Xu          , Uu          , Uu          , Uu          , Uu          , Rr          , Rr          , Uu          , Uu          , Uu          , Xu          , Xu          , Xu          , Xu          , Uh          , Uh          , Uu          , Rr          , Uu          , Uu          , Xu          , Xu          , Xu          , Uu          , Uu          , Uu^Uf       , Rr          , Xu          , Xu          , Xu          
Xu          , Rr          , Uu          , Uh          , Uh          , Xu          , Xu          , Xu          , Xu          , Xu          , Xu          , Xu          , Xu          , Xu          , Uu          , Uu          , Uu          , Rr          , Uu          , Uu          , Cud         , Xu          , Xu          , Xu          , Xu          , Xu          , Uh          , Uh          , Rr          , Rr          , Uu          , Uu          , Xu          , Xu          , Xu          , Uu          , Uu          , Uu^Uf       , Rr          , Xu          , Xu          , Xu          
Xu          , Rr          , Uu          , Uh          , Uh          , Xu          , Xu          , Xu          , Xu          , Xu          , Xu          , Xu          , Xu          , Xu          , Uu          , Uu          , Uu          , Rr          , Uu          , Uu          , Xu          , Xu          , Xu          , Xu          , Uu          , Uu          , Uu          , Uu          , Rr          , Uu          , Uu          , Xu          , Xu          , Xu          , Xu          , Uh          , Uu          , Rr          , Uu          , Xu          , Xu          , Xu          
Xu          , Rr          , Uu          , Uh          , Xu          , Xu          , Xu          , Xu          , Xu          , Xu          , Xu          , Xu          , Xu          , Xu          , Xu          , Xu          , Xu          , Uu          , Xu          , Xu          , Xu          , Xu          , Xu          , Xu          , Uu          , Uu          , Rr          , Rr          , Uu          , Uu          , Uu^Vud      , Xu          , Xu          , Xu          , Uh          , Uh          , Uu          , Rr          , Uu          , Xu          , Xu          , Xu          
Xu          , Rr          , Uu          , Uu          , Xu          , Xu          , Xu          , Xu          , Xu          , Xu          , Xu          , Xu          , Xu          , Xu          , Xu          , Xu          , Xu          , Xu          , Xu          , Xu          , Xu          , Xu          , Uu          , Uu          , Rr          , Rr          , Uu          , Uu          , Xu          , Xu          , Xu          , Xu          , Xu          , Xu          , Uh          , Uu          , Rr          , Rr          , Uu          , Xu          , Xu          , Xu          
Xu          , Rr          , Rr          , Uu          , Uu          , Xu          , Xu          , Xu          , Xu          , Xu          , Xu          , Xu          , Xu          , Xu          , Xu          , Xu          , Xu          , Xu          , Xu          , Xu          , Uu          , Uu          , Rr          , Rr          , Uu          , Uu          , Xu          , Xu          , Xu          , Xu          , Xu          , Xu          , Xu          , Xu          , Uh          , Uu          , Rr          , Uu          , Uu          , Xu          , Xu          , Xu          
Xu          , Uu          , Rr          , Uu          , Uu          , Uu          , Uu          , Uu          , Uu          , Uh          , Uh          , Uh          , Uh          , Uh          , Uu          , Uu          , Rr          , Cud         , Rr          , Uu          , Rr          , Rr          , Uu          , Uu          , Xu          , Xu          , Xu          , Xu          , Xu          , Xu          , Xu          , Xu          , Uh          , Uh          , Uu          , Rr          , Uu          , Uu          , Xu          , Xu          , Xu          , Xu          
Xu          , Xu          , Xu          , Rr          , Rr          , Rr          , Rr          , Uu          , Rr          , Uu          , Uu          , Uu          , Rr          , Rr          , Rr          , Rr          , Uu          , Rr          , Rr          , Rr          , Uu          , Rr          , Uu          , Uu          , Cud         , Cud         , Cud         , Xu          , Uu^Vu       , Xu          , Uh          , Uh          , Uu          , Uu          , Rr          , Rr          , Xu          , Xu          , Xu          , Xu          , Xu          , Xu          
Xu          , Xu          , Xu          , Uu^Vud      , Xu          , Uu          , Uu          , Rr          , Uu          , Rr          , Rr          , Rr          , Uu          , Uu          , Uu          , Uu          , Uu          , Cud         , Uu          , Uu          , Uu          , Uu          , Xu          , 4 Uu        , Cud         , 3 Kud       , Cud         , Xu          , Uu          , Uu          , Uu          , Uu          , Rr          , Rr          , Uu^Uf       , Uu^Uf       , Xu          , Xu          , Xu          , Xu          , Xu          , Xu          
Xu          , Xu          , Xu          , Xu          , Xu          , Xu          , Xu          , Uh          , Uh          , Uu          , Uu^Vud      , Uu          , Uh          , Uh          , Uu          , Uu          , Uu          , Uu          , Uu          , Uu          , Uu^Uf       , Xu          , Xu          , Xu          , Xu          , Cud         , Uu          , Uu          , Rr          , Rr          , Rr          , Rr          , Uu^Uf       , Uu          , Xu          , Xu          , Xu          , Xu          , Xu          , Xu          , Xu          , Xu          
Xu          , Xu          , Xu          , Xu          , Xu          , Xu          , Xu          , Xu          , Xu          , Uh          , Xu          , Uh          , Xu          , Xu          , Xu          , Xu          , Xu          , Cud         , Uu          , Uu          , Xu          , Xu          , Xu          , Xu          , Uu          , Uu          , Rr          , Rr          , Uu          , Rr          , Uu          , Uu          , Uh          , Xu          , Xu          , Xu          , Xu          , Xu          , Xu          , Xu          , Xu          , Xu          
Xu          , Xu          , Xu          , Xu          , Xu          , Xu          , Xu          , Xu          , Xu          , Xu          , Xu          , Xu          , Xu          , Xu          , Xu          , Xu          , Xu          , Xu          , Xu          , Xu          , Xu          , Xu          , Xu          , Xu          , Xu          , Uu          , Rr          , Uu          , Cud         , Uu          , Uu          , Uu          , Uh          , Xu          , Xu          , Xu          , Xu          , Xu          , Xu          , Xu          , Xu          , Xu          
Xu          , Xu          , Xu          , Xu          , Xu          , Xu          , Xu          , Xu          , Xu          , Xu          , Xu          , Xu          , Xu          , Xu          , Xu          , Xu          , Xu          , Xu          , Xu          , Xu          , Xu          , Xu          , Xu          , Xu          , Xu          , Uu          , Rr          , Cud         , Cud         , Cud         , Uu          , Uh          , Uh          , Xu          , Xu          , Xu          , Xu          , Xu          , Xu          , Xu          , Xu          , Xu          
Xu          , Xu          , Xu          , Xu          , Xu          , Xu          , Xu          , Xu          , Xu          , Xu          , Uh          , Xu          , Uh          , Uh          , Uh          , Uh          , Uu          , Xu          , Xu          , Xu          , Uu^Uf       , Xu          , Xu          , Xu          , Uu          , Uu          , Rr          , Cud         , Cud         , Cud         , Uu          , Uu          , Uh          , Uh          , Xu          , Xu          , Xu          , Xu          , Xu          , Xu          , Xu          , Xu          
Qxu         , Xu          , Xu          , Xu          , Xu          , Xu          , Xu          , Xu          , Xu          , Uh          , Uu          , Uh          , Uh          , Uh          , Uu          , Uu          , Uu          , Uu          , Cud         , Uu          , Uu          , Xu          , Xu          , Uu          , Uu          , Uu          , Rr          , Uu          , Uu          , Uu          , Uh          , Uh          , Xu          , Xu          , Xu          , Xu          , Xu          , Xu          , Xu          , Xu          , Xu          , Xu          
Qxu         , Xu          , Xu          , Xu          , Xu          , Xu          , Xu          , Xu          , Uu          , Uu          , Uu          , Uu          , Uu          , Uu          , Rr          , Uu          , Uu          , Uu          , Cud         , Uu          , Uu          , Uu          , Rr          , Uu          , Rr          , Rr          , Rr          , Uu          , Uu          , Uh          , Xu          , Xu          , Xu          , Xu          , Xu          , Xu          , Uu          , Uu          , Uu^Vu       , Xu          , Xu          , Xu          
Qxu         , Qxu         , Qxu         , Xu          , Xu          , Xu          , Uu^Vu       , Uu          , Uu          , Uu          , Rr          , Rr          , Rr          , Rr          , Rr          , Rr          , Uu          , Uu          , Cud         , Uu          , Uu          , Rr          , Uu^Vud      , Rr          , Uu          , Uu          , Rr          , Uu          , Uu          , Xu          , Xu          , Xu          , Xu          , Xu          , Uu          , Uu          , Rr          , Rr          , Uu          , Xu          , Xu          , Xu          
Xu          , Qxu         , Qxu         , Qxu         , Qxu         , Xu          , Uu          , Uu          , Uu          , Uu          , Rr          , Uu          , Uu          , Uu          , Rr          , Rr          , Rr          , Uu          , Cud         , Uu          , Rr          , Rr          , Uh          , Uh          , Xu          , Uu          , Rr          , Uu          , Uu          , Xu          , Xu          , Xu          , Xu          , Xu          , Rr          , Rr          , Rr          , Rr          , Uu          , Xu          , Xu          , Xu          
Xu          , Xu          , Qxu         , Qxu         , Qxu         , Uu          , Uu          , Uu          , Rr          , Rr          , Uu          , Uu          , Uu^Uf       , Uu          , Uu          , Rr          , Rr          , Uu          , Cud         , Uu          , Rr          , Uu          , Uu          , Uh          , Xu          , Uu          , Uu          , Rr          , Uu          , Xu          , Xu          , Xu          , Rr          , Rr          , Rr          , Rr          , Rr          , Rr          , Uu          , Xu          , Xu          , Xu          
Xu          , Xu          , Xu          , Qxu         , Uu          , Uu          , Uu          , Uu          , Rr          , Uu          , Uu          , Uu^Uf       , Uh          , Uu^Uf       , Uu          , Uu          , Uu          , Rr          , Rr          , Rr          , Uu          , Uu          , Uu          , Xu          , Xu          , Uu          , Uu          , Rr          , Rr          , Uu          , Cud         , Rr          , Uu          , Uu          , Uu          , Rr          , Rr          , Rr          , Uu          , Xu          , Xu          , Xu          
Xu          , Xu          , Uu          , Uu          , Uu          , Uu          , Rr          , Rr          , Uu          , Uu          , Ds          , Ds          , Ds          , Uh          , Uh          , Uu          , Uu          , Uu          , Cud         , Rr          , Rr          , Rr          , Rr          , Xu          , Uu          , Uu          , Uu          , Rr          , Rr          , Rr          , Xu          , Xu          , Xu          , Uu          , Xu          , Uu          , Uu          , Rr          , Uu          , Xu          , Xu          , Xu          
Xu          , Xu          , Cud         , Uu          , Rr          , Rr          , Rr          , Rr          , Uu          , Uu          , Ds          , Ds          , Ds          , Uh          , Uh          , Uh          , Uu          , Uu          , Cud         , Uu          , Uu          , Rr          , Uu          , Rr          , Rr          , Rr          , Rr          , Rr          , Rr          , Uu          , Xu          , Xu          , Xu          , Xu          , Xu          , Xu          , Xu          , Uu          , Uu          , Xu          , Xu          , Xu          
Xu          , Xu          , Uu          , Cud         , Cud         , Rr          , Rr          , Rr          , Uu          , Uu          , Uu          , Ds          , Uu          , Uu^Vu       , Uu          , Uu          , Uu          , Uu          , Cud         , Uu          , Uu          , Uu          , Uu          , Uu          , Uu          , Uu          , Rr          , Rr          , Rr          , Rr          , Cud         , Xu          , Xu          , Xu          , Xu          , Xu          , Xu          , Xu          , Xu          , Xu          , Xu          , Xu          
Xu          , Xu          , Uu^Uf       , Uu          , Uu          , Cud         , Rr          , Rr          , Rr          , Uu          , Uu          , Uu          , Uu          , Uu          , Uu          , Uu          , Xu          , Xu          , Xu          , Uu          , Uu          , Uu          , Uu          , Uu          , Uu          , Uu          , Uu          , Uu          , Xu          , Cud         , Uu          , Rr          , Rr          , Xu          , Uu          , Xu          , Xu          , Xu          , Xu          , Xu          , Xu          , Xu          
Xu          , Xu          , Uu^Uf       , Uu^Uf       , Uu          , Uu          , Uu          , Rr          , Rr          , Cud         , Cud         , Cud         , Cud         , Uu          , Uu          , Uu          , Xu          , Xu          , Xu          , Xu          , Xu          , Uu          , Uu^Uf       , Uu          , Xu          , Uu^Vu       , Xu          , Xu          , Xu          , Xu          , Xu          , Uu          , Rr          , Rr          , Rr          , Uu          , Uu          , Xu          , Xu          , Xu          , Xu          , Xu          
Xu          , Xu          , Xu          , Uu^Uf       , Uu^Uf       , Uu          , Uu          , Rr          , Rr          , Uu          , Uu          , Cud         , Uu          , Cud         , Cud         , Uu          , Xu          , Xu          , Xu          , Xu          , Xu          , Xu          , Xu          , Xu          , Xu          , Xu          , Xu          , Xu          , Xu          , Xu          , Xu          , Uu          , Rr          , Rr          , Rr          , Rr          , Rr          , Uu          , Xu          , Xu          , Xu          , Xu          
Xu          , Xu          , Xu          , Uu^Uf       , Uu^Uf       , Uu          , Uu          , Rr          , Rr          , Uu          , Uu          , Uu          , Uu          , Uu          , Uu          , Xu          , Xu          , Xu          , Xu          , Xu          , Xu          , Xu          , Xu          , Xu          , Xu          , Xu          , Xu          , Xu          , Xu          , Xu          , Uu          , Uu          , Rr          , Rr          , Rr          , Rr          , Rr          , Uu          , Xu          , Xu          , Xu          , Xu          
Xu          , Xu          , Xu          , Uu^Uf       , Uh          , Uu          , Uu          , Rr          , Rr          , Uu          , Uu          , Uu          , Uu          , Uu          , Uu          , Xu          , Xu          , Xu          , Xu          , Xu          , Xu          , Xu          , Xu          , Xu          , Xu          , Xu          , Xu          , Xu          , Xu          , Uu          , Uu          , Uu          , Rr          , Rr          , Rr          , Rr          , Rr          , Uu          , Xu          , Xu          , Xu          , Xu          
Xu          , Xu          , Xu          , Xu          , Uh          , Uu          , Uu          , Rr          , Rr          , Rr          , Uu          , Uu          , Uh          , Uu          , Xu          , Xu          , Xu          , Xu          , Xu          , Xu          , Xu          , Xu          , Xu          , Xu          , Xu          , Xu          , Xu          , Xu          , Xu          , Xu          , Uu          , Uu          , Uu          , Rr          , Rr          , Rr          , Uu          , Uu          , Xu          , Xu          , Xu          , Xu          
Xu          , Xu          , Xu          , Xu          , Uh          , Uh          , Uu          , Uu          , Uu          , Rr          , Uu          , Uu          , Uh          , Uh          , Xu          , Xu          , Xu          , Xu          , Xu          , Xu          , Xu          , Xu          , Xu          , Xu          , Xu          , Xu          , Xu          , Xu          , Xu          , Xu          , Xu          , Uu          , Xu          , Uu          , Xu          , Uu          , Xu          , Uu^Vu       , Xu          , Xu          , Xu          , Xu          
Xu          , Xu          , Xu          , Xu          , Xu          , Uh          , Uh          , Uu          , Uu          , Rr          , Rr          , Uu          , Uu          , Uh          , Xu          , Xu          , Xu          , Xu          , Xu          , Xu          , Xu          , Xu          , Xu          , Xu          , Xu          , Xu          , Xu          , Xu          , Xu          , Xu          , Xu          , Xu          , Xu          , Xu          , Xu          , Xu          , Xu          , Xu          , Xu          , Xu          , Xu          , Xu          
Xu          , Xu          , Xu          , Xu          , Xu          , Uh          , Uh          , Uu          , Uu          , Rr          , Rr          , Uu          , Xu          , Xu          , Xu          , Xu          , Xu          , Xu          , Xu          , Xu          , Xu          , Xu          , Xu          , Xu          , Xu          , Xu          , Xu          , Xu          , Xu          , Xu          , Xu          , Xu          , Xu          , Xu          , Xu          , Xu          , Xu          , Xu          , Xu          , Xu          , Xu          , Xu          
Xu          , Xu          , Xu          , Xu          , Xu          , Xu          , Xu          , Xu          , Uu          , Rr          , Rr          , Uu          , Uu          , Xu          , Uu          , Uu          , Uu          , Uu^Vu       , Xu          , Xu          , Xu          , Xu          , Xu          , Xu          , Xu          , Xu          , Uu          , Xu          , Xu          , Xu          , Xu          , Xu          , Xu          , Xu          , Xu          , Xu          , Xu          , Xu          , Xu          , Xu          , Xu          , Xu          
Xu          , Xu          , Xu          , Xu          , Xu          , Xu          , Qxu         , Qxu         , Uu          , Rr          , Rr          , Uu          , Uu          , Cud         , Uu          , Uu          , Uu          , Uu^Vu       , Xu          , Xu          , Xu          , Xu          , Xu          , Xu          , Uu          , Uh          , Uh          , Uh          , Uu          , Uu          , Uu^Uf       , Xu          , Xu          , Xu          , Xu          , Xu          , Xu          , Xu          , Xu          , Xu          , Xu          , Xu          
Xu          , Xu          , Xu          , Xu          , Xu          , Xu          , Uh          , Qxu         , Uu          , Uu          , Rr          , Uu          , Rr          , Rr          , Rr          , Rr          , Uu          , Uu^Vu       , Xu          , Xu          , Xu          , Xu          , Xu          , Xu          , Uu          , Uu          , Uu          , Uu          , Uu          , Uu          , Uu          , Uu^Uf       , Uu^Uf       , Xu          , Xu          , Xu          , Xu          , Xu          , Xu          , Xu          , Xu          , Xu          
Xu          , Xu          , Xu          , Xu          , Xu          , Uh          , Uh          , Uh          , Uu          , Uu          , Rr          , Rr          , Uu          , Uu          , Uu          , Uu          , Uu          , Uu          , Xu          , Xu          , Xu          , Xu          , Uu          , Uu          , Uu          , Uu          , Uu          , Ce          , 2 Ke        , Ce          , Uu          , Uu          , Uu^Uf       , Uu^Uf       , Uu^Uf       , Xu          , Xu          , Xu          , Xu          , Xu          , Xu          , Xu          
Xu          , Xu          , Xu          , Xu          , Xu          , Uh          , Uh          , Uu          , Uu          , Rr          , Uu          , Uu          , Uu          , Cud         , Xu          , Uu          , Xu          , Xu          , Xu          , Xu          , Xu          , Xu          , Uu          , Uu          , Uu          , Uu          , Uu          , Ce          , Ce          , Ce          , Uu          , Uu          , Uu^Uf       , Uu^Uf       , Uu          , Uu^Uf       , Xu          , Xu          , Xu          , Xu          , Xu          , Xu          
Xu          , Xu          , Xu          , Xu          , Xu          , Uh          , Uu          , Uu          , Uu          , Rr          , Uu          , Uu          , Uu          , Uu          , Uu          , Xu          , Xu          , Xu          , Xu          , Xu          , Uu^Uf       , Uu          , Uu          , Uu          , Uu          , Uu          , Uu          , Uu          , Ce          , Uu          , Uu          , Uu          , Uu          , Uu          , Uu          , Uu          , Uu          , Xu          , Re          , Re          , Re          , Xu          
Xu          , Xu          , Xu          , Xu          , Xu          , Uu^Vu       , Uu          , Uu          , Uu          , Rr          , Uu          , Uu          , Uu          , Uu          , Xu          , Xu          , Xu          , Xu          , Uu^Uf       , Uu^Uf       , Uu^Uf       , Uu^Uf       , Uu          , Uu          , Uu          , Uu          , Re          , Re          , Re          , Re          , Re          , Re          , Re          , Re          , Re          , Re          , Re          , Re          , Re          , Re          , Re          , Re          
Xu          , Xu          , Xu          , Xu          , Xu          , Xu          , Cud         , Cud         , Cud         , Rr          , Cud         , Cud         , Cud         , Xu          , Xu          , Xu          , Xu          , Uu          , Uu          , Uu^Uf       , Uu          , Uu          , Uu          , Uu          , Re          , Re          , Re          , Re          , Re          , Re          , Re          , Re          , Uu          , Re          , Uu          , Re          , Uu          , Re          , Uu          , Re          , Re          , Re          
Xu          , Xu          , Xu          , Xu          , Xu          , Xu          , Uu          , Uu          , Rr          , Rr          , Uu          , Uu          , Xu          , Xu          , Xu          , Xu          , Uu          , Uu          , Uu          , Uu          , Uu          , Uu          , Uu          , Uu          , Re          , Re          , Re          , Re          , Uh          , Uh          , Uu          , Uu          , Uu          , Uu          , Xu          , Uu          , Xu          , Uu          , Uu          , Uu          , Uu          , Xu          
Xu          , Xu          , Xu          , Xu          , Xu          , Uu          , Uu          , Uu          , Rr          , Uu          , Uu          , Uu          , Xu          , Xu          , Xu          , Xu          , Uu          , Uu          , Re          , Re          , Re          , Re          , Re          , Re          , Re          , Re          , Uu          , Uu          , Uh          , Uh          , Uu^Uf       , Uu^Uf       , Xu          , Xu          , Xu          , Xu          , Xu          , Xu          , Xu          , Xu          , Xu          , Xu          
Xu          , Xu          , Xu          , Xu          , Xu          , Uu          , Uu          , Uu          , Rr          , Uu          , Uu          , Uu          , Xu          , Xu          , Xu          , Xu          , Uu          , Uu          , Uu          , Re          , Re          , Re          , Uu          , Uu          , Uu          , Uu          , Uu          , Uu          , Uu          , Uu^Uf       , Xu          , Xu          , Xu          , Xu          , Xu          , Xu          , Xu          , Xu          , Xu          , Xu          , Xu          , Xu          
Xu          , Xu          , Xu          , Xu          , Xu          , Uu          , Uu          , Uu          , Rr          , Uu          , Uu          , Uu          , Uu^Vu       , Xu          , Uu          , Uu          , Rr          , Uu          , Rr          , Rr          , Rr          , Uu          , Rr          , Uu          , Uu          , Uu          , Uu^Uf       , Uu          , Uu          , Uu^Uf       , Xu          , Xu          , Xu          , Xu          , Xu          , Xu          , Xu          , Xu          , Xu          , Xu          , Xu          , Xu          
Xu          , Xu          , Xu          , Xu          , Xu          , Uu          , Uu          , Uu          , Rr          , Rr          , Rr          , Uu          , Rr          , Uh          , Rr          , Rr          , Rr          , Rr          , Uu          , Rr          , Rr          , Rr          , Rr          , Rr          , Rr          , Rr          , Rr          , Uu          , Uu          , Uu          , Uu^Uf       , Xu          , Uu          , Xu          , Xu          , Xu          , Xu          , Xu          , Xu          , Xu          , Xu          , Xu          
Xu          , Xu          , Xu          , Xu          , Xu          , Uu          , Uu^Uf       , Uu          , Uu          , Rr          , Uu          , Rr          , Uu          , Rr          , Uu          , Uu          , Xu          , Uu          , Uu          , Uu          , Uu          , Uu          , Uu          , Rr          , Uu          , Rr          , Rr          , Rr          , Rr          , Uu          , Uu          , Uu          , Uu          , Uu          , Uu          , Uu^Vu       , Xu          , Xu          , Xu          , Xu          , Xu          , Xu          
Xu          , Xu          , Xu          , Xu          , Xu          , Xu          , Uu^Uf       , Uu          , Uu          , Uu          , Uu          , Uu          , Xu          , Uu          , Xu          , Xu          , Xu          , Xu          , Xu          , Uu          , Xu          , Uu          , Xu          , Uu          , Uu          , Uu          , Uu          , Rr          , Rr          , Uu^Uf       , Uu          , Uu^Uf       , Uu          , Uu          , Uu          , Uu          , Uu          , Xu          , Xu          , Xu          , Xu          , Xu          
Xu          , Xu          , Xu          , Xu          , Xu          , Xu          , Xu          , Uu^Uf       , Uu^Uf       , Uu          , Xu          , Xu          , Xu          , Xu          , Xu          , Xu          , Xu          , Xu          , Xu          , Xu          , Xu          , Xu          , Xu          , Xu          , Xu          , Uu          , Uu          , Uu          , Uu          , Rr          , Rr          , Uu          , Uu          , Uu          , Uu          , Uh          , Uu          , Uu^Vu       , Xu          , Xu          , Xu          , Xu          
Xu          , Xu          , Xu          , Xu          , Xu          , Xu          , Xu          , Xu          , Xu          , Uu^Uf       , Xu          , Xu          , Xu          , Xu          , Xu          , Xu          , Xu          , Xu          , Xu          , Xu          , Xu          , Xu          , Xu          , Xu          , Xu          , Xu          , Xu          , Uu          , Uu          , Rr          , Rr          , Rr          , Uu          , Uu^Uf       , Uu          , Uu          , Uu^Vu       , Xu          , Xu          , Xu          , Xu          , Xu          
Xu          , Xu          , Xu          , Xu          , Xu          , Xu          , Xu          , Xu          , Xu          , Xu          , Xu          , Xu          , Xu          , Xu          , Xu          , Xu          , Xu          , Xu          , Xu          , Xu          , Xu          , Xu          , Xu          , Xu          , Xu          , Xu          , Xu          , Uu          , Uu          , Uu          , Rr          , Rr          , Uu          , Uu^Uf       , Uu          , Uu          , Xu          , Xu          , Xu          , Xu          , Xu          , Xu          
Xu          , Xu          , Xu          , Xu          , Xu          , Xu          , Xu          , Xu          , Xu          , Xu          , Xu          , Xu          , Xu          , Xu          , Xu          , Xu          , Xu          , Xu          , Xu          , Wo          , Wo          , Xu          , Xu          , Xu          , Xu          , Xu          , Xu          , Uu          , Uu^Uf       , Uu          , Rr          , Rr          , Uu          , Uu^Uf       , Uu          , Uu          , Xu          , Xu          , Xu          , Xu          , Xu          , Xu          
Xu          , Xu          , Xu          , Xu          , Xu          , Xu          , Xu          , Xu          , Xu          , Xu          , Xu          , Xu          , Xu          , Xu          , Xu          , Xu          , Xu          , Xu          , Xu          , Wo          , Wo          , Wo          , Wo          , Xu          , Xu          , Xu          , Xu          , Uu          , Uu^Uf       , Uu^Uf       , Rr          , Rr          , Uu          , Uu          , Uu          , Uu          , Xu          , Xu          , Xu          , Xu          , Xu          , Xu          
Xu          , Xu          , Xu          , Xu          , Xu          , Xu          , Xu          , Xu          , Xu          , Xu          , Xu          , Xu          , Xu          , Xu          , Xu          , Xu          , Xu          , Xu          , Xu          , Xu          , Xu          , Wo          , Wo          , Xu          , Xu          , Xu          , Xu          , Uu          , Uu          , Uu^Uf       , Uu          , Rr          , Rr          , Uu          , Uu          , Uu          , Uu^Uf       , Xu          , Xu          , Xu          , Xu          , Xu          
Xu          , Xu          , Xu          , Xu          , Xu          , Xu          , Xu          , Xu          , Xu          , Xu          , Xu          , Xu          , Xu          , Xu          , Xu          , Xu          , Xu          , Xu          , Xu          , Xu          , Xu          , Xu          , Xu          , Wo          , Wo          , Xu          , Xu          , Uu          , Uu          , Uu^Uf       , Uu          , Rr          , Rr          , Uu          , Uu          , Uh          , Uu^Uf       , Uu^Uf       , Uh          , Xu          , Xu          , Xu          
Xu          , Xu          , Xu          , Xu          , Uh          , Xu          , Uh          , Xu          , Uh          , Xu          , Xu          , Xu          , Xu          , Xu          , Uh          , Xu          , Uh          , Xu          , Uu          , Xu          , Xu          , Xu          , Xu          , Xu          , Xu          , Wo          , Xu          , Uu^Vu       , Uu          , Uu          , Uu          , Rr          , Rr          , Uu          , Uu          , Uh          , Uh          , Uu^Uf       , Uh          , Xu          , Xu          , Xu          
Xu          , Xu          , Uh          , Uh          , Uh          , Uh          , Uu^Uf       , Uh          , Uu          , Uh          , Uu          , Xu          , Xu          , Uh          , Uu          , Uh          , Uu          , Uh          , Uu          , Uu          , Uu          , Uu^Vu       , Uu          , Xu          , Xu          , Wo          , Wo          , Xu          , Uu          , Uu          , Uu          , Cud         , Rr          , Rr          , Uu          , Cud         , Uh          , Uu^Uf       , Uh          , Xu          , Xu          , Xu          
Xu          , Uh          , Uh          , Uh          , Uh          , Uu^Uf       , Uu^Uf       , Uu          , Uu          , Uu          , Uu          , Xu          , Xu          , Uu          , Uu          , Uu          , Uu          , Uu          , Uu          , Uu          , Uu          , Uu          , Uu          , Uu          , Uu^Uf       , Xu          , Wo          , Xu          , Uu          , Uh          , Uh          , Uu          , Uu          , Rr          , Rr          , Uu          , Uh          , Uu^Uf       , Uh          , Xu          , Xu          , Xu          
Xu          , Uu          , Uu          , Uu          , Uu          , Uu          , Uu          , Uu          , Uu          , Uu          , Uu          , Uu          , Uu          , Uu          , Uu          , Uu          , Uu          , Uu^Uf       , Uu^Uf       , Uu^Uf       , Uu^Uf       , Uu          , Uu          , Uu^Uf       , Uu^Uf       , Xu          , Ww          , Xu          , Uu          , Uh          , Uh          , Uh          , Uu          , Rr          , Rr          , Uu          , Uh          , Uh          , Uh          , Xu          , Xu          , Xu          
Xu          , Uu          , Uu          , Uu          , Uu^Vud      , Uu          , Uu          , Uu          , Rr          , Uu          , Rr          , Rr          , Rr          , Cud         , Rr          , Uu          , Uu          , Uu          , Uu          , Uu          , Uu          , Uu          , Uu          , Uu^Uf       , Uu^Uf       , Uu^Uf       , Ww          , Ww          , Uh          , Uh          , Uh          , Uu          , Rr          , Rr          , Rr          , Uu          , Uh          , Uh          , Uu^Uf       , Xu          , Xu          , Xu          
Xu          , Uu          , Uu          , Uu^Vud      , Rr          , Uu          , Rr          , Rr          , Xu          , Rr          , Uu          , Rr          , Uu          , Rr          , Rr          , Rr          , Rr          , Rr          , Rr          , Uu          , Rr          , Uu          , Uu          , Uu          , Uu          , Uu          , Ww          , Ww          , Uu          , Uh          , Uu          , Uu          , Rr          , Rr          , Uu          , Uu          , Uu          , Uh          , Uu^Uf       , Xu          , Xu          , Xu          
Xu          , Uu          , Rr          , Rr          , Rr          , Uu          , Rr          , Rr          , Xu          , Uu          , Uu^Uf       , Uu          , Uh          , Uu          , Uh          , Rr          , Rr          , Rr          , Rr          , Rr          , Rr          , Rr          , Rr          , Rr          , Rr          , Ww          , Ww          , Ww          , Rr          , Uu          , Rr          , Rr          , Rr          , Rr          , Uu          , Uu          , Uu          , Uu          , Uu          , Xu          , Xu          , Xu          
Xu          , Uu^Vu       , Rr          , Rr          , Rr          , Rr          , Xu          , Xu          , Xu          , Uu^Uf       , Uh          , Uh          , Uh          , Uh          , Uh          , Cud         , Uu          , Rr          , Rr          , Rr          , Rr          , Rr          , Rr          , Rr          , Ww          , Ww          , Ww          , Ww          , Ww          , Rr          , Uh          , Rr          , Uh          , Uu          , Uu          , Uu          , Uu          , Uu          , Uu^Vu       , Xu          , Xu          , Xu          
Xu          , Uu^Vu       , Uu          , Rr          , Rr          , Rr          , Xu          , Xu          , Xu          , Uh          , Uh          , Uh          , Uu^Uf       , Uh          , Uh          , Uh          , Uu          , Uu          , Uu          , Uu          , Uu          , Rr          , Uu          , Uu          , Ww          , Ww          , Ww          , Ww          , Ww          , Uh          , Uh          , Uh          , Uu^Uf       , Uu^Uf       , Uu^Uf       , Uh          , Uh          , Uu          , Xu          , Xu          , Xu          , Xu          
Xu          , Uu          , Uu          , Rr          , Rr          , Rr          , Xu          , Xu          , Xu          , Uu          , Uh          , Uu^Uf       , Uu^Uf       , Uh          , Uh          , Uu          , Uu          , Uu          , Uu^Uf       , Uu^Uf       , Uu^Uf       , Uu          , Ww          , Ww          , Ww          , Wo          , Wo          , Wo          , Ww          , Ww          , Uu          , Uu          , Uu          , Uu^Uf       , Uh          , Uh          , Xu          , Xu          , Xu          , Xu          , Xu          , Xu          
Xu          , Uu          , Uu          , Uu          , Rr          , Rr          , Rr          , Rr          , Rr          , Uu          , Uh          , Uu^Uf       , Uu^Uf       , Uu          , Uu          , Uu          , Xu          , Uu          , Uu^Uf       , Uu^Uf       , Uu^Uf       , Uu^Uf       , Ww          , Ww          , Ww          , Wo          , Wo          , Wo          , Ww          , Ww          , Ww          , Uu          , Uu          , Uh          , Uh          , Uh          , Xu          , Xu          , Xu          , Xu          , Xu          , Xu          
Xu          , Uu          , Uu          , Uu          , Uu          , Rr          , Rr          , Rr          , Uu          , Uu          , Uu          , Uh          , Uu          , Uu^Uf       , Uu          , Xu          , Xu          , Uu          , Uu          , Uu          , Uu          , Uu^Uf       , Ww          , Ww          , Ww          , Wo          , Wo          , Wo          , Wo          , Ww          , Ww          , Ww          , Ww          , Uu          , Xu          , Xu          , Xu          , Xu          , Xu          , Xu          , Xu          , Xu          
Xu          , Uu          , Uu          , Uu          , Uu          , Rr          , Rr          , Uu          , Uu          , Uu          , Uu          , Uu          , Uu          , Uu          , Uu          , Xu          , Xu          , Xu          , Xu          , Uu          , Uu          , Uu          , Ww          , Ww          , Ww          , Ww          , Wo          , Wo          , Wo          , Wo          , Ww          , Ww          , Uu          , Uu          , Xu          , Xu          , Xu          , Xu          , Xu          , Xu          , Xu          , Xu          
Xu          , Uu          , Uu          , Uu          , Uu          , Rr          , Rr          , Uu          , Uu          , Uu          , Uu          , Uu          , Uu          , Uu          , Xu          , Xu          , Xu          , Xu          , Xu          , Xu          , Xu          , Uu          , Uu          , Ww          , Ww          , Ww          , Ww          , Wo          , Wo          , Ww          , Ww          , Ww          , Uu^Vu       , Xu          , Xu          , Xu          , Xu          , Xu          , Xu          , Xu          , Xu          , Xu          
Xu          , Xu          , Xu          , Uu          , Uu          , Uu          , Uu          , Rr          , Rr          , Ce          , Ce          , Uu          , Ce          , Ce          , Xu          , Xu          , Xu          , Xu          , Xu          , Xu          , Xu          , Uu          , Uu          , Uu          , Uu          , Ww          , Ww          , Wo          , Wo          , Ww          , Uu          , Uu          , Xu          , Xu          , Xu          , Xu          , Xu          , Xu          , Xu          , Xu          , Xu          , Xu          
Xu          , Xu          , Xu          , Xu          , Uu          , Uu          , Uu          , Rr          , Rr          , Rr          , Rr          , Ce          , Ce          , 1 Ke        , Xu          , Xu          , Xu          , Xu          , Xu          , Xu          , Xu          , Uu^Vu       , Xu          , Uu          , Ww          , Ww          , Wo          , Wo          , Wo          , Ww          , Xu          , Xu          , Xu          , Xu          , Xu          , Xu          , Xu          , Xu          , Xu          , Xu          , Xu          , Xu          
Xu          , Xu          , Xu          , Xu          , Xu          , Xu          , Xu          , Uu          , Uu          , Rr          , Rr          , Rr          , Uu          , Uu          , Uu          , Xu          , Xu          , Xu          , Xu          , Xu          , Xu          , Xu          , Xu          , Xu          , Xu          , Xu          , Xu          , Xu          , Xu          , Xu          , Xu          , Xu          , Xu          , Xu          , Xu          , Xu          , Xu          , Xu          , Xu          , Xu          , Xu          , Xu          
Xu          , Xu          , Xu          , Xu          , Xu          , Xu          , Xu          , Uu          , Uu          , Uu          , Uu          , Rr          , Rr          , Uu          , Uu          , Uu          , Uu          , Uu          , Uu          , Xu          , Xu          , Xu          , Xu          , Xu          , Xu          , Xu          , Xu          , Xu          , Xu          , Xu          , Xu          , Xu          , Xu          , Xu          , Xu          , Xu          , Xu          , Xu          , Xu          , Xu          , Xu          , Xu          
